[2026-05-11T09:42:56] Publish-existing folder: D:\workspaces\LePhare_Editorial\07_A_Publier\2026-05-11_chaleur-europe-adaptation_triptyque
[2026-05-11T09:42:56] Selected topic label: 2026-05-11_chaleur-europe-adaptation_triptyque
[2026-05-11T09:42:56] Running command: C:\Users\gbiascamano\AppData\Local\Programs\Python\Python314\python.exe D:\workspaces\LePhare_Editorial\tools\wp_push_draft.py D:\workspaces\LePhare_Editorial\07_A_Publier\2026-05-11_chaleur-europe-adaptation_triptyque --config D:\workspaces\LePhare_Editorial\tools\wp_config.local.json --index D:\workspaces\LePhare_Editorial\index_editorial.csv
[2026-05-11T09:42:56] --- WP-PUSH OUTPUT ---
[2026-05-11T09:43:16] {
[2026-05-11T09:43:16]   "source": "D:\\workspaces\\LePhare_Editorial\\07_A_Publier\\2026-05-11_chaleur-europe-adaptation_triptyque",
[2026-05-11T09:43:16]   "total": 3,
[2026-05-11T09:43:16]   "created": 3,
[2026-05-11T09:43:16]   "skipped": 0,
[2026-05-11T09:43:16]   "failed": 0,
[2026-05-11T09:43:16]   "items": [
[2026-05-11T09:43:16]     {
[2026-05-11T09:43:16]       "path": "D:\\workspaces\\LePhare_Editorial\\07_A_Publier\\2026-05-11_chaleur-europe-adaptation_triptyque\\2026-454_ACTU_CLIMAT_europe_vagues_chaleur_et_adaptation_qui_change_d_echelle_V1.md",
[2026-05-11T09:43:16]       "article_id": "2026-454",
[2026-05-11T09:43:16]       "title": "Europe et vagues de chaleur : quand l'actualité météo force l'adaptation à changer d'échelle",
[2026-05-11T09:43:16]       "status": "draft",
[2026-05-11T09:43:16]       "wordpress_id": 4167,
[2026-05-11T09:43:16]       "slug": "europe-chaleur-adaptation-climat-2026",
[2026-05-11T09:43:16]       "link": "https://le-phare.info/?p=4167",
[2026-05-11T09:43:16]       "categories": [
[2026-05-11T09:43:16]         "actualites"
[2026-05-11T09:43:16]       ],
[2026-05-11T09:43:16]       "tags": [
[2026-05-11T09:43:16]         "environnement-climat",
[2026-05-11T09:43:16]         "sentier-science",
[2026-05-11T09:43:16]         "adaptation-climatique",
[2026-05-11T09:43:16]         "canicule-europe",
[2026-05-11T09:43:16]         "posture-observer",
[2026-05-11T09:43:16]         "triptyque"
[2026-05-11T09:43:16]       ],
[2026-05-11T09:43:16]       "index_updated": true,
[2026-05-11T09:43:16]       "featured_media": 2130,
[2026-05-11T09:43:16]       "error": ""
[2026-05-11T09:43:16]     },
[2026-05-11T09:43:16]     {
[2026-05-11T09:43:16]       "path": "D:\\workspaces\\LePhare_Editorial\\07_A_Publier\\2026-05-11_chaleur-europe-adaptation_triptyque\\2026-455_TF_CLIMAT_hans_jonas_principe_responsabilite_et_horizon_ecologique_V1.md",
[2026-05-11T09:43:16]       "article_id": "2026-455",
[2026-05-11T09:43:16]       "title": "Hans Jonas et le principe de responsabilité : un cadre éthique pour l'horizon écologique",
[2026-05-11T09:43:16]       "status": "draft",
[2026-05-11T09:43:16]       "wordpress_id": 4168,
[2026-05-11T09:43:16]       "slug": "hans-jonas-principe-responsabilite-climat",
[2026-05-11T09:43:16]       "link": "https://le-phare.info/?p=4168",
[2026-05-11T09:43:16]       "categories": [
[2026-05-11T09:43:16]         "textes-fondateurs"
[2026-05-11T09:43:16]       ],
[2026-05-11T09:43:16]       "tags": [
[2026-05-11T09:43:16]         "environnement-climat",
[2026-05-11T09:43:16]         "hans-jonas",
[2026-05-11T09:43:16]         "ethique-environnement",
[2026-05-11T09:43:16]         "responsabilite",
[2026-05-11T09:43:16]         "triptyque"
[2026-05-11T09:43:16]       ],
[2026-05-11T09:43:16]       "index_updated": true,
[2026-05-11T09:43:16]       "featured_media": 2130,
[2026-05-11T09:43:16]       "error": ""
[2026-05-11T09:43:16]     },
[2026-05-11T09:43:16]     {
[2026-05-11T09:43:16]       "path": "D:\\workspaces\\LePhare_Editorial\\07_A_Publier\\2026-05-11_chaleur-europe-adaptation_triptyque\\2026-456_SENTIER_CLIMAT_lire_une_annonce_climat_sans_confondre_meteo_tendance_et_attribution_V1.md",
[2026-05-11T09:43:16]       "article_id": "2026-456",
[2026-05-11T09:43:16]       "title": "Lire une annonce sur le climat sans confondre météo, tendance, attribution et politique",
[2026-05-11T09:43:16]       "status": "draft",
[2026-05-11T09:43:16]       "wordpress_id": 4169,
[2026-05-11T09:43:16]       "slug": "lire-annonce-climat-meteo-attribution",
[2026-05-11T09:43:16]       "link": "https://le-phare.info/?p=4169",
[2026-05-11T09:43:16]       "categories": [
[2026-05-11T09:43:16]         "sentier-du-savoir"
[2026-05-11T09:43:16]       ],
[2026-05-11T09:43:16]       "tags": [
[2026-05-11T09:43:16]         "environnement-climat",
[2026-05-11T09:43:16]         "sentier-science",
[2026-05-11T09:43:16]         "pensee-critique",
[2026-05-11T09:43:16]         "attribution-climatique",
[2026-05-11T09:43:16]         "posture-comprendre",
[2026-05-11T09:43:16]         "triptyque"
[2026-05-11T09:43:16]       ],
[2026-05-11T09:43:16]       "index_updated": true,
[2026-05-11T09:43:16]       "featured_media": 2130,
[2026-05-11T09:43:16]       "error": ""
[2026-05-11T09:43:16]     }
[2026-05-11T09:43:16]   ]
[2026-05-11T09:43:16] }
[2026-05-11T09:43:16] Running post-linking command: C:\Users\gbiascamano\AppData\Local\Programs\Python\Python314\python.exe D:\workspaces\LePhare_Editorial\tools\post_linking.py D:\workspaces\LePhare_Editorial\07_A_Publier\2026-05-11_chaleur-europe-adaptation_triptyque --index D:\workspaces\LePhare_Editorial\index_editorial.csv --config D:\workspaces\LePhare_Editorial\tools\wp_config.local.json --publish-final
[2026-05-11T09:43:16] --- POST-LINKING OUTPUT ---
[2026-05-11T09:43:19] {
[2026-05-11T09:43:19]   "triptych_dir": "D:\\workspaces\\LePhare_Editorial\\07_A_Publier\\2026-05-11_chaleur-europe-adaptation_triptyque",
[2026-05-11T09:43:19]   "mode": "triptyque_linking_v2",
[2026-05-11T09:43:19]   "dry_run": false,
[2026-05-11T09:43:19]   "total": 3,
[2026-05-11T09:43:19]   "updated_local": 3,
[2026-05-11T09:43:19]   "updated_wordpress": 3,
[2026-05-11T09:43:19]   "items": [
[2026-05-11T09:43:19]     {
[2026-05-11T09:43:19]       "article_id": "2026-454",
[2026-05-11T09:43:19]       "type": "ACTU",
[2026-05-11T09:43:19]       "title": "Europe et vagues de chaleur : quand l'actualité météo force l'adaptation à changer d'échelle",
[2026-05-11T09:43:19]       "wordpress_id": 4167,
[2026-05-11T09:43:19]       "wordpress_url": "https://le-phare.info/?p=4167",
[2026-05-11T09:43:19]       "updated_paths": [
[2026-05-11T09:43:19]         "D:\\workspaces\\LePhare_Editorial\\07_A_Publier\\2026-05-11_chaleur-europe-adaptation_triptyque\\2026-454_ACTU_CLIMAT_europe_vagues_chaleur_et_adaptation_qui_change_d_echelle_V1.md",
[2026-05-11T09:43:19]         "D:\\workspaces\\LePhare_Editorial\\01_Actualites\\Climat_Transition\\2026-454_ACTU_CLIMAT_europe_vagues_chaleur_et_adaptation_qui_change_d_echelle_V1.md"
[2026-05-11T09:43:19]       ],
[2026-05-11T09:43:19]       "status": "updated",
[2026-05-11T09:43:19]       "error": ""
[2026-05-11T09:43:19]     },
[2026-05-11T09:43:19]     {
[2026-05-11T09:43:19]       "article_id": "2026-455",
[2026-05-11T09:43:19]       "type": "TF",
[2026-05-11T09:43:19]       "title": "Hans Jonas et le principe de responsabilité : un cadre éthique pour l'horizon écologique",
[2026-05-11T09:43:19]       "wordpress_id": 4168,
[2026-05-11T09:43:19]       "wordpress_url": "https://le-phare.info/?p=4168",
[2026-05-11T09:43:19]       "updated_paths": [
[2026-05-11T09:43:19]         "D:\\workspaces\\LePhare_Editorial\\07_A_Publier\\2026-05-11_chaleur-europe-adaptation_triptyque\\2026-455_TF_CLIMAT_hans_jonas_principe_responsabilite_et_horizon_ecologique_V1.md",
[2026-05-11T09:43:19]         "D:\\workspaces\\LePhare_Editorial\\04_Textes_fondateurs\\Auteurs\\2026-455_TF_CLIMAT_hans_jonas_principe_responsabilite_et_horizon_ecologique_V1.md"
[2026-05-11T09:43:19]       ],
[2026-05-11T09:43:19]       "status": "updated",
[2026-05-11T09:43:19]       "error": ""
[2026-05-11T09:43:19]     },
[2026-05-11T09:43:19]     {
[2026-05-11T09:43:19]       "article_id": "2026-456",
[2026-05-11T09:43:19]       "type": "SENTIER",
[2026-05-11T09:43:19]       "title": "Lire une annonce sur le climat sans confondre météo, tendance, attribution et politique",
[2026-05-11T09:43:19]       "wordpress_id": 4169,
[2026-05-11T09:43:19]       "wordpress_url": "https://le-phare.info/?p=4169",
[2026-05-11T09:43:19]       "updated_paths": [
[2026-05-11T09:43:19]         "D:\\workspaces\\LePhare_Editorial\\07_A_Publier\\2026-05-11_chaleur-europe-adaptation_triptyque\\2026-456_SENTIER_CLIMAT_lire_une_annonce_climat_sans_confondre_meteo_tendance_et_attribution_V1.md",
[2026-05-11T09:43:19]         "D:\\workspaces\\LePhare_Editorial\\05_Sentier\\Etape_02_Pensee_critique\\2026-456_SENTIER_CLIMAT_lire_une_annonce_climat_sans_confondre_meteo_tendance_et_attribution_V1.md"
[2026-05-11T09:43:19]       ],
[2026-05-11T09:43:19]       "status": "updated",
[2026-05-11T09:43:19]       "error": ""
[2026-05-11T09:43:19]     }
[2026-05-11T09:43:19]   ],
[2026-05-11T09:43:19]   "errors": []
[2026-05-11T09:43:19] }
[2026-05-11T09:43:19] Staging folder removed: D:\workspaces\LePhare_Editorial\07_A_Publier\2026-05-11_chaleur-europe-adaptation_triptyque
[2026-05-11T09:44:08] Publish-existing folder: D:\workspaces\LePhare_Editorial\07_A_Publier\2026-05-11_chaleur-europe-adaptation_triptyque
[2026-05-11T09:44:08] Selected topic label: 2026-05-11_chaleur-europe-adaptation_triptyque
[2026-05-11T09:44:08] Running command: C:\Users\gbiascamano\AppData\Local\Programs\Python\Python314\python.exe D:\workspaces\LePhare_Editorial\tools\wp_push_draft.py D:\workspaces\LePhare_Editorial\07_A_Publier\2026-05-11_chaleur-europe-adaptation_triptyque --config D:\workspaces\LePhare_Editorial\tools\wp_config.local.json --index D:\workspaces\LePhare_Editorial\index_editorial.csv --refresh-body
[2026-05-11T09:44:08] --- WP-PUSH OUTPUT ---
[2026-05-11T09:44:14] {
[2026-05-11T09:44:14]   "source": "D:\\workspaces\\LePhare_Editorial\\07_A_Publier\\2026-05-11_chaleur-europe-adaptation_triptyque",
[2026-05-11T09:44:14]   "total": 3,
[2026-05-11T09:44:14]   "created": 0,
[2026-05-11T09:44:14]   "skipped": 0,
[2026-05-11T09:44:14]   "failed": 0,
[2026-05-11T09:44:14]   "items": [
[2026-05-11T09:44:14]     {
[2026-05-11T09:44:14]       "path": "D:\\workspaces\\LePhare_Editorial\\07_A_Publier\\2026-05-11_chaleur-europe-adaptation_triptyque\\2026-454_ACTU_CLIMAT_europe_vagues_chaleur_et_adaptation_qui_change_d_echelle_V1.md",
[2026-05-11T09:44:14]       "article_id": "2026-454",
[2026-05-11T09:44:14]       "title": "Europe et vagues de chaleur : quand l'actualité météo force l'adaptation à changer d'échelle",
[2026-05-11T09:44:14]       "status": "publish",
[2026-05-11T09:44:14]       "wordpress_id": 4167,
[2026-05-11T09:44:14]       "slug": "europe-chaleur-adaptation-climat-2026",
[2026-05-11T09:44:14]       "link": "https://le-phare.info/europe-chaleur-adaptation-climat-2026/",
[2026-05-11T09:44:14]       "categories": [
[2026-05-11T09:44:14]         "actualites"
[2026-05-11T09:44:14]       ],
[2026-05-11T09:44:14]       "tags": [
[2026-05-11T09:44:14]         "environnement-climat",
[2026-05-11T09:44:14]         "sentier-science",
[2026-05-11T09:44:14]         "adaptation-climatique",
[2026-05-11T09:44:14]         "canicule-europe",
[2026-05-11T09:44:14]         "posture-observer",
[2026-05-11T09:44:14]         "triptyque"
[2026-05-11T09:44:14]       ],
[2026-05-11T09:44:14]       "index_updated": false,
[2026-05-11T09:44:14]       "featured_media": 2130,
[2026-05-11T09:44:14]       "error": ""
[2026-05-11T09:44:14]     },
[2026-05-11T09:44:14]     {
[2026-05-11T09:44:14]       "path": "D:\\workspaces\\LePhare_Editorial\\07_A_Publier\\2026-05-11_chaleur-europe-adaptation_triptyque\\2026-455_TF_CLIMAT_hans_jonas_principe_responsabilite_et_horizon_ecologique_V1.md",
[2026-05-11T09:44:14]       "article_id": "2026-455",
[2026-05-11T09:44:14]       "title": "Hans Jonas et le principe de responsabilité : un cadre éthique pour l'horizon écologique",
[2026-05-11T09:44:14]       "status": "publish",
[2026-05-11T09:44:14]       "wordpress_id": 4168,
[2026-05-11T09:44:14]       "slug": "hans-jonas-principe-responsabilite-climat",
[2026-05-11T09:44:14]       "link": "https://le-phare.info/hans-jonas-principe-responsabilite-climat/",
[2026-05-11T09:44:14]       "categories": [
[2026-05-11T09:44:14]         "textes-fondateurs"
[2026-05-11T09:44:14]       ],
[2026-05-11T09:44:14]       "tags": [
[2026-05-11T09:44:14]         "environnement-climat",
[2026-05-11T09:44:14]         "hans-jonas",
[2026-05-11T09:44:14]         "ethique-environnement",
[2026-05-11T09:44:14]         "responsabilite",
[2026-05-11T09:44:14]         "triptyque"
[2026-05-11T09:44:14]       ],
[2026-05-11T09:44:14]       "index_updated": false,
[2026-05-11T09:44:14]       "featured_media": 2130,
[2026-05-11T09:44:14]       "error": ""
[2026-05-11T09:44:14]     },
[2026-05-11T09:44:14]     {
[2026-05-11T09:44:14]       "path": "D:\\workspaces\\LePhare_Editorial\\07_A_Publier\\2026-05-11_chaleur-europe-adaptation_triptyque\\2026-456_SENTIER_CLIMAT_lire_une_annonce_climat_sans_confondre_meteo_tendance_et_attribution_V1.md",
[2026-05-11T09:44:14]       "article_id": "2026-456",
[2026-05-11T09:44:14]       "title": "Lire une annonce sur le climat sans confondre météo, tendance, attribution et politique",
[2026-05-11T09:44:14]       "status": "publish",
[2026-05-11T09:44:14]       "wordpress_id": 4169,
[2026-05-11T09:44:14]       "slug": "lire-annonce-climat-meteo-attribution",
[2026-05-11T09:44:14]       "link": "https://le-phare.info/lire-annonce-climat-meteo-attribution/",
[2026-05-11T09:44:14]       "categories": [
[2026-05-11T09:44:14]         "sentier-du-savoir"
[2026-05-11T09:44:14]       ],
[2026-05-11T09:44:14]       "tags": [
[2026-05-11T09:44:14]         "environnement-climat",
[2026-05-11T09:44:14]         "sentier-science",
[2026-05-11T09:44:14]         "pensee-critique",
[2026-05-11T09:44:14]         "attribution-climatique",
[2026-05-11T09:44:14]         "posture-comprendre",
[2026-05-11T09:44:14]         "triptyque"
[2026-05-11T09:44:14]       ],
[2026-05-11T09:44:14]       "index_updated": false,
[2026-05-11T09:44:14]       "featured_media": 2130,
[2026-05-11T09:44:14]       "error": ""
[2026-05-11T09:44:14]     }
[2026-05-11T09:44:14]   ]
[2026-05-11T09:44:14] }
[2026-05-11T09:44:14] Running post-linking command: C:\Users\gbiascamano\AppData\Local\Programs\Python\Python314\python.exe D:\workspaces\LePhare_Editorial\tools\post_linking.py D:\workspaces\LePhare_Editorial\07_A_Publier\2026-05-11_chaleur-europe-adaptation_triptyque --index D:\workspaces\LePhare_Editorial\index_editorial.csv --config D:\workspaces\LePhare_Editorial\tools\wp_config.local.json --publish-final
[2026-05-11T09:44:14] --- POST-LINKING OUTPUT ---
[2026-05-11T09:44:15] Triptych linking error: Unable to extract WordPress post ID from URL 'https://le-phare.info/europe-chaleur-adaptation-climat-2026/' for slug 'europe-chaleur-adaptation-climat-2026'
[2026-05-11T09:44:32] Publish-existing folder: D:\workspaces\LePhare_Editorial\07_A_Publier\2026-05-11_chaleur-europe-adaptation_triptyque
[2026-05-11T09:44:32] Selected topic label: 2026-05-11_chaleur-europe-adaptation_triptyque
[2026-05-11T09:44:32] Running command: C:\Users\gbiascamano\AppData\Local\Programs\Python\Python314\python.exe D:\workspaces\LePhare_Editorial\tools\wp_push_draft.py D:\workspaces\LePhare_Editorial\07_A_Publier\2026-05-11_chaleur-europe-adaptation_triptyque --config D:\workspaces\LePhare_Editorial\tools\wp_config.local.json --index D:\workspaces\LePhare_Editorial\index_editorial.csv --refresh-body
[2026-05-11T09:44:32] --- WP-PUSH OUTPUT ---
[2026-05-11T09:44:38] {
[2026-05-11T09:44:38]   "source": "D:\\workspaces\\LePhare_Editorial\\07_A_Publier\\2026-05-11_chaleur-europe-adaptation_triptyque",
[2026-05-11T09:44:38]   "total": 3,
[2026-05-11T09:44:38]   "created": 0,
[2026-05-11T09:44:38]   "skipped": 0,
[2026-05-11T09:44:38]   "failed": 0,
[2026-05-11T09:44:38]   "items": [
[2026-05-11T09:44:38]     {
[2026-05-11T09:44:38]       "path": "D:\\workspaces\\LePhare_Editorial\\07_A_Publier\\2026-05-11_chaleur-europe-adaptation_triptyque\\2026-454_ACTU_CLIMAT_europe_vagues_chaleur_et_adaptation_qui_change_d_echelle_V1.md",
[2026-05-11T09:44:38]       "article_id": "2026-454",
[2026-05-11T09:44:38]       "title": "Europe et vagues de chaleur : quand l'actualité météo force l'adaptation à changer d'échelle",
[2026-05-11T09:44:38]       "status": "publish",
[2026-05-11T09:44:38]       "wordpress_id": 4167,
[2026-05-11T09:44:38]       "slug": "europe-chaleur-adaptation-climat-2026",
[2026-05-11T09:44:38]       "link": "https://le-phare.info/europe-chaleur-adaptation-climat-2026/",
[2026-05-11T09:44:38]       "categories": [
[2026-05-11T09:44:38]         "actualites"
[2026-05-11T09:44:38]       ],
[2026-05-11T09:44:38]       "tags": [
[2026-05-11T09:44:38]         "environnement-climat",
[2026-05-11T09:44:38]         "sentier-science",
[2026-05-11T09:44:38]         "adaptation-climatique",
[2026-05-11T09:44:38]         "canicule-europe",
[2026-05-11T09:44:38]         "posture-observer",
[2026-05-11T09:44:38]         "triptyque"
[2026-05-11T09:44:38]       ],
[2026-05-11T09:44:38]       "index_updated": false,
[2026-05-11T09:44:38]       "featured_media": 2130,
[2026-05-11T09:44:38]       "error": ""
[2026-05-11T09:44:38]     },
[2026-05-11T09:44:38]     {
[2026-05-11T09:44:38]       "path": "D:\\workspaces\\LePhare_Editorial\\07_A_Publier\\2026-05-11_chaleur-europe-adaptation_triptyque\\2026-455_TF_CLIMAT_hans_jonas_principe_responsabilite_et_horizon_ecologique_V1.md",
[2026-05-11T09:44:38]       "article_id": "2026-455",
[2026-05-11T09:44:38]       "title": "Hans Jonas et le principe de responsabilité : un cadre éthique pour l'horizon écologique",
[2026-05-11T09:44:38]       "status": "publish",
[2026-05-11T09:44:38]       "wordpress_id": 4168,
[2026-05-11T09:44:38]       "slug": "hans-jonas-principe-responsabilite-climat",
[2026-05-11T09:44:38]       "link": "https://le-phare.info/hans-jonas-principe-responsabilite-climat/",
[2026-05-11T09:44:38]       "categories": [
[2026-05-11T09:44:38]         "textes-fondateurs"
[2026-05-11T09:44:38]       ],
[2026-05-11T09:44:38]       "tags": [
[2026-05-11T09:44:38]         "environnement-climat",
[2026-05-11T09:44:38]         "hans-jonas",
[2026-05-11T09:44:38]         "ethique-environnement",
[2026-05-11T09:44:38]         "responsabilite",
[2026-05-11T09:44:38]         "triptyque"
[2026-05-11T09:44:38]       ],
[2026-05-11T09:44:38]       "index_updated": false,
[2026-05-11T09:44:38]       "featured_media": 2130,
[2026-05-11T09:44:38]       "error": ""
[2026-05-11T09:44:38]     },
[2026-05-11T09:44:38]     {
[2026-05-11T09:44:38]       "path": "D:\\workspaces\\LePhare_Editorial\\07_A_Publier\\2026-05-11_chaleur-europe-adaptation_triptyque\\2026-456_SENTIER_CLIMAT_lire_une_annonce_climat_sans_confondre_meteo_tendance_et_attribution_V1.md",
[2026-05-11T09:44:38]       "article_id": "2026-456",
[2026-05-11T09:44:38]       "title": "Lire une annonce sur le climat sans confondre météo, tendance, attribution et politique",
[2026-05-11T09:44:38]       "status": "publish",
[2026-05-11T09:44:38]       "wordpress_id": 4169,
[2026-05-11T09:44:38]       "slug": "lire-annonce-climat-meteo-attribution",
[2026-05-11T09:44:38]       "link": "https://le-phare.info/lire-annonce-climat-meteo-attribution/",
[2026-05-11T09:44:38]       "categories": [
[2026-05-11T09:44:38]         "sentier-du-savoir"
[2026-05-11T09:44:38]       ],
[2026-05-11T09:44:38]       "tags": [
[2026-05-11T09:44:38]         "environnement-climat",
[2026-05-11T09:44:38]         "sentier-science",
[2026-05-11T09:44:38]         "pensee-critique",
[2026-05-11T09:44:38]         "attribution-climatique",
[2026-05-11T09:44:38]         "posture-comprendre",
[2026-05-11T09:44:38]         "triptyque"
[2026-05-11T09:44:38]       ],
[2026-05-11T09:44:38]       "index_updated": false,
[2026-05-11T09:44:38]       "featured_media": 2130,
[2026-05-11T09:44:38]       "error": ""
[2026-05-11T09:44:38]     }
[2026-05-11T09:44:38]   ]
[2026-05-11T09:44:38] }
[2026-05-11T09:44:38] Running post-linking command: C:\Users\gbiascamano\AppData\Local\Programs\Python\Python314\python.exe D:\workspaces\LePhare_Editorial\tools\post_linking.py D:\workspaces\LePhare_Editorial\07_A_Publier\2026-05-11_chaleur-europe-adaptation_triptyque --index D:\workspaces\LePhare_Editorial\index_editorial.csv --config D:\workspaces\LePhare_Editorial\tools\wp_config.local.json --publish-final
[2026-05-11T09:44:38] --- POST-LINKING OUTPUT ---
[2026-05-11T09:44:38] Triptych linking error: Unable to extract WordPress post ID from URL 'https://le-phare.info/europe-chaleur-adaptation-climat-2026/' for slug 'europe-chaleur-adaptation-climat-2026'
[2026-05-11T09:45:05] Publish-existing folder: D:\workspaces\LePhare_Editorial\07_A_Publier\2026-05-11_chaleur-europe-adaptation_triptyque
[2026-05-11T09:45:05] Selected topic label: 2026-05-11_chaleur-europe-adaptation_triptyque
[2026-05-11T09:45:05] Running command: C:\Users\gbiascamano\AppData\Local\Programs\Python\Python314\python.exe D:\workspaces\LePhare_Editorial\tools\wp_push_draft.py D:\workspaces\LePhare_Editorial\07_A_Publier\2026-05-11_chaleur-europe-adaptation_triptyque --config D:\workspaces\LePhare_Editorial\tools\wp_config.local.json --index D:\workspaces\LePhare_Editorial\index_editorial.csv --refresh-body
[2026-05-11T09:45:05] --- WP-PUSH OUTPUT ---
[2026-05-11T09:45:10] {
[2026-05-11T09:45:10]   "source": "D:\\workspaces\\LePhare_Editorial\\07_A_Publier\\2026-05-11_chaleur-europe-adaptation_triptyque",
[2026-05-11T09:45:10]   "total": 3,
[2026-05-11T09:45:10]   "created": 0,
[2026-05-11T09:45:10]   "skipped": 0,
[2026-05-11T09:45:10]   "failed": 0,
[2026-05-11T09:45:10]   "items": [
[2026-05-11T09:45:10]     {
[2026-05-11T09:45:10]       "path": "D:\\workspaces\\LePhare_Editorial\\07_A_Publier\\2026-05-11_chaleur-europe-adaptation_triptyque\\2026-454_ACTU_CLIMAT_europe_vagues_chaleur_et_adaptation_qui_change_d_echelle_V1.md",
[2026-05-11T09:45:10]       "article_id": "2026-454",
[2026-05-11T09:45:10]       "title": "Europe et vagues de chaleur : quand l'actualité météo force l'adaptation à changer d'échelle",
[2026-05-11T09:45:10]       "status": "publish",
[2026-05-11T09:45:10]       "wordpress_id": 4167,
[2026-05-11T09:45:10]       "slug": "europe-chaleur-adaptation-climat-2026",
[2026-05-11T09:45:10]       "link": "https://le-phare.info/europe-chaleur-adaptation-climat-2026/",
[2026-05-11T09:45:10]       "categories": [
[2026-05-11T09:45:10]         "actualites"
[2026-05-11T09:45:10]       ],
[2026-05-11T09:45:10]       "tags": [
[2026-05-11T09:45:10]         "environnement-climat",
[2026-05-11T09:45:10]         "sentier-science",
[2026-05-11T09:45:10]         "adaptation-climatique",
[2026-05-11T09:45:10]         "canicule-europe",
[2026-05-11T09:45:10]         "posture-observer",
[2026-05-11T09:45:10]         "triptyque"
[2026-05-11T09:45:10]       ],
[2026-05-11T09:45:10]       "index_updated": false,
[2026-05-11T09:45:10]       "featured_media": 2130,
[2026-05-11T09:45:10]       "error": ""
[2026-05-11T09:45:10]     },
[2026-05-11T09:45:10]     {
[2026-05-11T09:45:10]       "path": "D:\\workspaces\\LePhare_Editorial\\07_A_Publier\\2026-05-11_chaleur-europe-adaptation_triptyque\\2026-455_TF_CLIMAT_hans_jonas_principe_responsabilite_et_horizon_ecologique_V1.md",
[2026-05-11T09:45:10]       "article_id": "2026-455",
[2026-05-11T09:45:10]       "title": "Hans Jonas et le principe de responsabilité : un cadre éthique pour l'horizon écologique",
[2026-05-11T09:45:10]       "status": "publish",
[2026-05-11T09:45:10]       "wordpress_id": 4168,
[2026-05-11T09:45:10]       "slug": "hans-jonas-principe-responsabilite-climat",
[2026-05-11T09:45:10]       "link": "https://le-phare.info/hans-jonas-principe-responsabilite-climat/",
[2026-05-11T09:45:10]       "categories": [
[2026-05-11T09:45:10]         "textes-fondateurs"
[2026-05-11T09:45:10]       ],
[2026-05-11T09:45:10]       "tags": [
[2026-05-11T09:45:10]         "environnement-climat",
[2026-05-11T09:45:10]         "hans-jonas",
[2026-05-11T09:45:10]         "ethique-environnement",
[2026-05-11T09:45:10]         "responsabilite",
[2026-05-11T09:45:10]         "triptyque"
[2026-05-11T09:45:10]       ],
[2026-05-11T09:45:10]       "index_updated": false,
[2026-05-11T09:45:10]       "featured_media": 2130,
[2026-05-11T09:45:10]       "error": ""
[2026-05-11T09:45:10]     },
[2026-05-11T09:45:10]     {
[2026-05-11T09:45:10]       "path": "D:\\workspaces\\LePhare_Editorial\\07_A_Publier\\2026-05-11_chaleur-europe-adaptation_triptyque\\2026-456_SENTIER_CLIMAT_lire_une_annonce_climat_sans_confondre_meteo_tendance_et_attribution_V1.md",
[2026-05-11T09:45:10]       "article_id": "2026-456",
[2026-05-11T09:45:10]       "title": "Lire une annonce sur le climat sans confondre météo, tendance, attribution et politique",
[2026-05-11T09:45:10]       "status": "publish",
[2026-05-11T09:45:10]       "wordpress_id": 4169,
[2026-05-11T09:45:10]       "slug": "lire-annonce-climat-meteo-attribution",
[2026-05-11T09:45:10]       "link": "https://le-phare.info/lire-annonce-climat-meteo-attribution/",
[2026-05-11T09:45:10]       "categories": [
[2026-05-11T09:45:10]         "sentier-du-savoir"
[2026-05-11T09:45:10]       ],
[2026-05-11T09:45:10]       "tags": [
[2026-05-11T09:45:10]         "environnement-climat",
[2026-05-11T09:45:10]         "sentier-science",
[2026-05-11T09:45:10]         "pensee-critique",
[2026-05-11T09:45:10]         "attribution-climatique",
[2026-05-11T09:45:10]         "posture-comprendre",
[2026-05-11T09:45:10]         "triptyque"
[2026-05-11T09:45:10]       ],
[2026-05-11T09:45:10]       "index_updated": false,
[2026-05-11T09:45:10]       "featured_media": 2130,
[2026-05-11T09:45:10]       "error": ""
[2026-05-11T09:45:10]     }
[2026-05-11T09:45:10]   ]
[2026-05-11T09:45:10] }
[2026-05-11T09:45:10] Running post-linking command: C:\Users\gbiascamano\AppData\Local\Programs\Python\Python314\python.exe D:\workspaces\LePhare_Editorial\tools\post_linking.py D:\workspaces\LePhare_Editorial\07_A_Publier\2026-05-11_chaleur-europe-adaptation_triptyque --index D:\workspaces\LePhare_Editorial\index_editorial.csv --config D:\workspaces\LePhare_Editorial\tools\wp_config.local.json --publish-final
[2026-05-11T09:45:10] --- POST-LINKING OUTPUT ---
[2026-05-11T09:45:13] {
[2026-05-11T09:45:13]   "triptych_dir": "D:\\workspaces\\LePhare_Editorial\\07_A_Publier\\2026-05-11_chaleur-europe-adaptation_triptyque",
[2026-05-11T09:45:13]   "mode": "triptyque_linking_v2",
[2026-05-11T09:45:13]   "dry_run": false,
[2026-05-11T09:45:13]   "total": 3,
[2026-05-11T09:45:13]   "updated_local": 3,
[2026-05-11T09:45:13]   "updated_wordpress": 3,
[2026-05-11T09:45:13]   "items": [
[2026-05-11T09:45:13]     {
[2026-05-11T09:45:13]       "article_id": "2026-454",
[2026-05-11T09:45:13]       "type": "ACTU",
[2026-05-11T09:45:13]       "title": "Europe et vagues de chaleur : quand l'actualité météo force l'adaptation à changer d'échelle",
[2026-05-11T09:45:13]       "wordpress_id": 4167,
[2026-05-11T09:45:13]       "wordpress_url": "https://le-phare.info/?p=4167",
[2026-05-11T09:45:13]       "updated_paths": [
[2026-05-11T09:45:13]         "D:\\workspaces\\LePhare_Editorial\\07_A_Publier\\2026-05-11_chaleur-europe-adaptation_triptyque\\2026-454_ACTU_CLIMAT_europe_vagues_chaleur_et_adaptation_qui_change_d_echelle_V1.md",
[2026-05-11T09:45:13]         "D:\\workspaces\\LePhare_Editorial\\01_Actualites\\Climat_Transition\\2026-454_ACTU_CLIMAT_europe_vagues_chaleur_et_adaptation_qui_change_d_echelle_V1.md"
[2026-05-11T09:45:13]       ],
[2026-05-11T09:45:13]       "status": "updated",
[2026-05-11T09:45:13]       "error": ""
[2026-05-11T09:45:13]     },
[2026-05-11T09:45:13]     {
[2026-05-11T09:45:13]       "article_id": "2026-455",
[2026-05-11T09:45:13]       "type": "TF",
[2026-05-11T09:45:13]       "title": "Hans Jonas et le principe de responsabilité : un cadre éthique pour l'horizon écologique",
[2026-05-11T09:45:13]       "wordpress_id": 4168,
[2026-05-11T09:45:13]       "wordpress_url": "https://le-phare.info/?p=4168",
[2026-05-11T09:45:13]       "updated_paths": [
[2026-05-11T09:45:13]         "D:\\workspaces\\LePhare_Editorial\\07_A_Publier\\2026-05-11_chaleur-europe-adaptation_triptyque\\2026-455_TF_CLIMAT_hans_jonas_principe_responsabilite_et_horizon_ecologique_V1.md",
[2026-05-11T09:45:13]         "D:\\workspaces\\LePhare_Editorial\\04_Textes_fondateurs\\Auteurs\\2026-455_TF_CLIMAT_hans_jonas_principe_responsabilite_et_horizon_ecologique_V1.md"
[2026-05-11T09:45:13]       ],
[2026-05-11T09:45:13]       "status": "updated",
[2026-05-11T09:45:13]       "error": ""
[2026-05-11T09:45:13]     },
[2026-05-11T09:45:13]     {
[2026-05-11T09:45:13]       "article_id": "2026-456",
[2026-05-11T09:45:13]       "type": "SENTIER",
[2026-05-11T09:45:13]       "title": "Lire une annonce sur le climat sans confondre météo, tendance, attribution et politique",
[2026-05-11T09:45:13]       "wordpress_id": 4169,
[2026-05-11T09:45:13]       "wordpress_url": "https://le-phare.info/?p=4169",
[2026-05-11T09:45:13]       "updated_paths": [
[2026-05-11T09:45:13]         "D:\\workspaces\\LePhare_Editorial\\07_A_Publier\\2026-05-11_chaleur-europe-adaptation_triptyque\\2026-456_SENTIER_CLIMAT_lire_une_annonce_climat_sans_confondre_meteo_tendance_et_attribution_V1.md",
[2026-05-11T09:45:13]         "D:\\workspaces\\LePhare_Editorial\\05_Sentier\\Etape_02_Pensee_critique\\2026-456_SENTIER_CLIMAT_lire_une_annonce_climat_sans_confondre_meteo_tendance_et_attribution_V1.md"
[2026-05-11T09:45:13]       ],
[2026-05-11T09:45:13]       "status": "updated",
[2026-05-11T09:45:13]       "error": ""
[2026-05-11T09:45:13]     }
[2026-05-11T09:45:13]   ],
[2026-05-11T09:45:13]   "errors": []
[2026-05-11T09:45:13] }
[2026-05-11T09:45:13] Staging folder removed: D:\workspaces\LePhare_Editorial\07_A_Publier\2026-05-11_chaleur-europe-adaptation_triptyque
