[2026-06-08T15:03:45] Publish-existing folder: D:\workspaces\Nexus des mondes\LePhare_Editorial\07_A_Publier\2026-06-08_package-souverainete-tech-scott-attention
[2026-06-08T15:03:45] Selected topic label: 2026-06-08_package-souverainete-tech-scott-attention
[2026-06-08T15:03:45] Running command: C:\Users\gbiascamano\AppData\Local\Programs\Python\Python314\python.exe D:\workspaces\Nexus des mondes\LePhare_Editorial\tools\wp_push_draft.py D:\workspaces\Nexus des mondes\LePhare_Editorial\07_A_Publier\2026-06-08_package-souverainete-tech-scott-attention --config D:\workspaces\Nexus des mondes\LePhare_Editorial\tools\wp_config.local.json --index D:\workspaces\Nexus des mondes\LePhare_Editorial\index_editorial.csv
[2026-06-08T15:03:45] --- WP-PUSH OUTPUT ---
[2026-06-08T15:04:23] {
[2026-06-08T15:04:23]   "source": "D:\\workspaces\\Nexus des mondes\\LePhare_Editorial\\07_A_Publier\\2026-06-08_package-souverainete-tech-scott-attention",
[2026-06-08T15:04:23]   "total": 3,
[2026-06-08T15:04:23]   "created": 3,
[2026-06-08T15:04:23]   "skipped": 0,
[2026-06-08T15:04:23]   "failed": 0,
[2026-06-08T15:04:23]   "items": [
[2026-06-08T15:04:23]     {
[2026-06-08T15:04:23]       "path": "D:\\workspaces\\Nexus des mondes\\LePhare_Editorial\\07_A_Publier\\2026-06-08_package-souverainete-tech-scott-attention\\2026-508_ACTU_TECH_package_souverainete_technologique_ue_caida_chips_juin_2026_V1.md",
[2026-06-08T15:04:23]       "article_id": "2026-508",
[2026-06-08T15:04:23]       "title": "Package souveraineté tech : CAIDA, Chips Act 2.0 et ce que Bruxelles propose vraiment le 3 juin 2026",
[2026-06-08T15:04:23]       "status": "draft",
[2026-06-08T15:04:23]       "wordpress_id": 4849,
[2026-06-08T15:04:23]       "slug": "package-souverainete-technologique-ue-caida-chips-juin-2026",
[2026-06-08T15:04:23]       "link": "https://le-phare.info/?p=4849",
[2026-06-08T15:04:23]       "categories": [
[2026-06-08T15:04:23]         "actualites"
[2026-06-08T15:04:23]       ],
[2026-06-08T15:04:23]       "tags": [
[2026-06-08T15:04:23]         "technologie-ia",
[2026-06-08T15:04:23]         "sentier-critique",
[2026-06-08T15:04:23]         "souverainete-technologique",
[2026-06-08T15:04:23]         "caida",
[2026-06-08T15:04:23]         "chips-act",
[2026-06-08T15:04:23]         "cloud",
[2026-06-08T15:04:23]         "posture-observer",
[2026-06-08T15:04:23]         "triptyque"
[2026-06-08T15:04:23]       ],
[2026-06-08T15:04:23]       "index_updated": true,
[2026-06-08T15:04:23]       "featured_media": 2133,
[2026-06-08T15:04:23]       "error": ""
[2026-06-08T15:04:23]     },
[2026-06-08T15:04:23]     {
[2026-06-08T15:04:23]       "path": "D:\\workspaces\\Nexus des mondes\\LePhare_Editorial\\07_A_Publier\\2026-06-08_package-souverainete-tech-scott-attention\\2026-509_TF_TECH_james_c_scott_voir_comme_un_etat_souverainete_cloud_caida_V1.md",
[2026-06-08T15:04:23]       "article_id": "2026-509",
[2026-06-08T15:04:23]       "title": "James C. Scott : voir comme un État — lire CAIDA et la grille de souveraineté cloud",
[2026-06-08T15:04:23]       "status": "draft",
[2026-06-08T15:04:23]       "wordpress_id": 4850,
[2026-06-08T15:04:23]       "slug": "james-c-scott-voir-comme-un-etat-souverainete-cloud-caida",
[2026-06-08T15:04:23]       "link": "https://le-phare.info/?p=4850",
[2026-06-08T15:04:23]       "categories": [
[2026-06-08T15:04:23]         "textes-fondateurs"
[2026-06-08T15:04:23]       ],
[2026-06-08T15:04:23]       "tags": [
[2026-06-08T15:04:23]         "technologie-ia",
[2026-06-08T15:04:23]         "sentier-approfondissement",
[2026-06-08T15:04:23]         "james-c-scott",
[2026-06-08T15:04:23]         "seeing-like-a-state",
[2026-06-08T15:04:23]         "caida",
[2026-06-08T15:04:23]         "souverainete-cloud",
[2026-06-08T15:04:23]         "triptyque"
[2026-06-08T15:04:23]       ],
[2026-06-08T15:04:23]       "index_updated": true,
[2026-06-08T15:04:23]       "featured_media": 2133,
[2026-06-08T15:04:23]       "error": ""
[2026-06-08T15:04:23]     },
[2026-06-08T15:04:23]     {
[2026-06-08T15:04:23]       "path": "D:\\workspaces\\Nexus des mondes\\LePhare_Editorial\\07_A_Publier\\2026-06-08_package-souverainete-tech-scott-attention\\2026-510_SENTIER_TECH_tenir_attention_cycle_souverainete_tech_juin_2026_V1.md",
[2026-06-08T15:04:23]       "article_id": "2026-510",
[2026-06-08T15:04:23]       "title": "Tenir son attention face au cycle souveraineté tech : six règles pour juin 2026",
[2026-06-08T15:04:23]       "status": "draft",
[2026-06-08T15:04:23]       "wordpress_id": 4851,
[2026-06-08T15:04:23]       "slug": "tenir-attention-cycle-souverainete-tech-juin-2026",
[2026-06-08T15:04:23]       "link": "https://le-phare.info/?p=4851",
[2026-06-08T15:04:23]       "categories": [
[2026-06-08T15:04:23]         "sentier-du-savoir"
[2026-06-08T15:04:23]       ],
[2026-06-08T15:04:23]       "tags": [
[2026-06-08T15:04:23]         "technologie-ia",
[2026-06-08T15:04:23]         "sentier-equilibre",
[2026-06-08T15:04:23]         "hygiene-numerique",
[2026-06-08T15:04:23]         "attention",
[2026-06-08T15:04:23]         "atelier-sentier",
[2026-06-08T15:04:23]         "fondamental-2026-124",
[2026-06-08T15:04:23]         "posture-comprendre",
[2026-06-08T15:04:23]         "triptyque"
[2026-06-08T15:04:23]       ],
[2026-06-08T15:04:23]       "index_updated": true,
[2026-06-08T15:04:23]       "featured_media": 2133,
[2026-06-08T15:04:23]       "error": ""
[2026-06-08T15:04:23]     }
[2026-06-08T15:04:23]   ]
[2026-06-08T15:04:23] }
[2026-06-08T15:04:23] Running post-linking command: C:\Users\gbiascamano\AppData\Local\Programs\Python\Python314\python.exe D:\workspaces\Nexus des mondes\LePhare_Editorial\tools\post_linking.py D:\workspaces\Nexus des mondes\LePhare_Editorial\07_A_Publier\2026-06-08_package-souverainete-tech-scott-attention --index D:\workspaces\Nexus des mondes\LePhare_Editorial\index_editorial.csv --config D:\workspaces\Nexus des mondes\LePhare_Editorial\tools\wp_config.local.json --publish-final
[2026-06-08T15:04:23] --- POST-LINKING OUTPUT ---
[2026-06-08T15:04:25] {
[2026-06-08T15:04:25]   "triptych_dir": "D:\\workspaces\\Nexus des mondes\\LePhare_Editorial\\07_A_Publier\\2026-06-08_package-souverainete-tech-scott-attention",
[2026-06-08T15:04:25]   "mode": "triptyque_linking_v2",
[2026-06-08T15:04:25]   "dry_run": false,
[2026-06-08T15:04:25]   "total": 3,
[2026-06-08T15:04:25]   "updated_local": 3,
[2026-06-08T15:04:25]   "updated_wordpress": 3,
[2026-06-08T15:04:25]   "items": [
[2026-06-08T15:04:25]     {
[2026-06-08T15:04:25]       "article_id": "2026-508",
[2026-06-08T15:04:25]       "type": "ACTU",
[2026-06-08T15:04:25]       "title": "Package souveraineté tech : CAIDA, Chips Act 2.0 et ce que Bruxelles propose vraiment le 3 juin 2026",
[2026-06-08T15:04:25]       "wordpress_id": 4849,
[2026-06-08T15:04:25]       "wordpress_url": "https://le-phare.info/?p=4849",
[2026-06-08T15:04:25]       "updated_paths": [
[2026-06-08T15:04:25]         "D:\\workspaces\\Nexus des mondes\\LePhare_Editorial\\07_A_Publier\\2026-06-08_package-souverainete-tech-scott-attention\\2026-508_ACTU_TECH_package_souverainete_technologique_ue_caida_chips_juin_2026_V1.md",
[2026-06-08T15:04:25]         "D:\\workspaces\\Nexus des mondes\\LePhare_Editorial\\01_Actualites\\Technologie_IA\\2026-508_ACTU_TECH_package_souverainete_technologique_ue_caida_chips_juin_2026_V1.md"
[2026-06-08T15:04:25]       ],
[2026-06-08T15:04:25]       "status": "updated",
[2026-06-08T15:04:25]       "error": ""
[2026-06-08T15:04:25]     },
[2026-06-08T15:04:25]     {
[2026-06-08T15:04:25]       "article_id": "2026-509",
[2026-06-08T15:04:25]       "type": "TF",
[2026-06-08T15:04:25]       "title": "James C. Scott : voir comme un État — lire CAIDA et la grille de souveraineté cloud",
[2026-06-08T15:04:25]       "wordpress_id": 4850,
[2026-06-08T15:04:25]       "wordpress_url": "https://le-phare.info/?p=4850",
[2026-06-08T15:04:25]       "updated_paths": [
[2026-06-08T15:04:25]         "D:\\workspaces\\Nexus des mondes\\LePhare_Editorial\\07_A_Publier\\2026-06-08_package-souverainete-tech-scott-attention\\2026-509_TF_TECH_james_c_scott_voir_comme_un_etat_souverainete_cloud_caida_V1.md",
[2026-06-08T15:04:25]         "D:\\workspaces\\Nexus des mondes\\LePhare_Editorial\\04_Textes_fondateurs\\Auteurs\\2026-509_TF_TECH_james_c_scott_voir_comme_un_etat_souverainete_cloud_caida_V1.md"
[2026-06-08T15:04:25]       ],
[2026-06-08T15:04:25]       "status": "updated",
[2026-06-08T15:04:25]       "error": ""
[2026-06-08T15:04:25]     },
[2026-06-08T15:04:25]     {
[2026-06-08T15:04:25]       "article_id": "2026-510",
[2026-06-08T15:04:25]       "type": "SENTIER",
[2026-06-08T15:04:25]       "title": "Tenir son attention face au cycle souveraineté tech : six règles pour juin 2026",
[2026-06-08T15:04:25]       "wordpress_id": 4851,
[2026-06-08T15:04:25]       "wordpress_url": "https://le-phare.info/?p=4851",
[2026-06-08T15:04:25]       "updated_paths": [
[2026-06-08T15:04:25]         "D:\\workspaces\\Nexus des mondes\\LePhare_Editorial\\07_A_Publier\\2026-06-08_package-souverainete-tech-scott-attention\\2026-510_SENTIER_TECH_tenir_attention_cycle_souverainete_tech_juin_2026_V1.md",
[2026-06-08T15:04:25]         "D:\\workspaces\\Nexus des mondes\\LePhare_Editorial\\05_Sentier\\Etape_09_Equilibre_corps_esprit\\2026-510_SENTIER_TECH_tenir_attention_cycle_souverainete_tech_juin_2026_V1.md"
[2026-06-08T15:04:25]       ],
[2026-06-08T15:04:25]       "status": "updated",
[2026-06-08T15:04:25]       "error": ""
[2026-06-08T15:04:25]     }
[2026-06-08T15:04:25]   ],
[2026-06-08T15:04:25]   "errors": []
[2026-06-08T15:04:25] }
[2026-06-08T15:04:25] [V2] Rappel fondamental parent : fondamental-2026-124 — rafraîchir WP manuellement pour afficher ## Ateliers.
[2026-06-08T15:04:25] Staging folder removed: D:\workspaces\Nexus des mondes\LePhare_Editorial\07_A_Publier\2026-06-08_package-souverainete-tech-scott-attention
