[2026-05-29T07:55:32] Publish-existing folder: D:\workspaces\Nexus des mondes\LePhare_Editorial\07_A_Publier\2026-05-29_data-centers-etiquette-climat_latour_triptyque
[2026-05-29T07:55:32] Selected topic label: 2026-05-29_data-centers-etiquette-climat_latour_triptyque
[2026-05-29T07:55:32] Running command: C:\Users\gbiascamano\AppData\Local\Programs\Python\Python314\python.exe D:\workspaces\Nexus des mondes\LePhare_Editorial\tools\wp_push_draft.py D:\workspaces\Nexus des mondes\LePhare_Editorial\07_A_Publier\2026-05-29_data-centers-etiquette-climat_latour_triptyque --config D:\workspaces\Nexus des mondes\LePhare_Editorial\tools\wp_config.local.json --index D:\workspaces\Nexus des mondes\LePhare_Editorial\index_editorial.csv
[2026-05-29T07:55:32] --- WP-PUSH OUTPUT ---
[2026-05-29T07:56:10] {
[2026-05-29T07:56:10]   "source": "D:\\workspaces\\Nexus des mondes\\LePhare_Editorial\\07_A_Publier\\2026-05-29_data-centers-etiquette-climat_latour_triptyque",
[2026-05-29T07:56:10]   "total": 3,
[2026-05-29T07:56:10]   "created": 3,
[2026-05-29T07:56:10]   "skipped": 0,
[2026-05-29T07:56:10]   "failed": 0,
[2026-05-29T07:56:10]   "items": [
[2026-05-29T07:56:10]     {
[2026-05-29T07:56:10]       "path": "D:\\workspaces\\Nexus des mondes\\LePhare_Editorial\\07_A_Publier\\2026-05-29_data-centers-etiquette-climat_latour_triptyque\\2026-490_ACTU_CLIMAT_etiquette_data_centers_transparence_lobbying_mai_2026_V1.md",
[2026-05-29T07:56:10]       "article_id": "2026-490",
[2026-05-29T07:56:10]       "title": "Étiquette européenne des data centers : entre transparence promise et secret contesté — mai 2026",
[2026-05-29T07:56:10]       "status": "draft",
[2026-05-29T07:56:10]       "wordpress_id": 4612,
[2026-05-29T07:56:10]       "slug": "etiquette-data-centers-europe-transparence-mai-2026",
[2026-05-29T07:56:10]       "link": "https://le-phare.info/?p=4612",
[2026-05-29T07:56:10]       "categories": [
[2026-05-29T07:56:10]         "actualites"
[2026-05-29T07:56:10]       ],
[2026-05-29T07:56:10]       "tags": [
[2026-05-29T07:56:10]         "environnement-climat",
[2026-05-29T07:56:10]         "sentier-transmission",
[2026-05-29T07:56:10]         "data-centers",
[2026-05-29T07:56:10]         "efficacite-energetique",
[2026-05-29T07:56:10]         "pue",
[2026-05-29T07:56:10]         "posture-observer",
[2026-05-29T07:56:10]         "triptyque"
[2026-05-29T07:56:10]       ],
[2026-05-29T07:56:10]       "index_updated": true,
[2026-05-29T07:56:10]       "featured_media": 2130,
[2026-05-29T07:56:10]       "error": ""
[2026-05-29T07:56:10]     },
[2026-05-29T07:56:10]     {
[2026-05-29T07:56:10]       "path": "D:\\workspaces\\Nexus des mondes\\LePhare_Editorial\\07_A_Publier\\2026-05-29_data-centers-etiquette-climat_latour_triptyque\\2026-491_TF_CLIMAT_bruno_latour_etiquette_data_centers_politiques_nature_V1.md",
[2026-05-29T07:56:10]       "article_id": "2026-491",
[2026-05-29T07:56:10]       "title": "Bruno Latour : quand l'étiquette ne clôt pas le débat — politiques de la nature et data centers",
[2026-05-29T07:56:10]       "status": "draft",
[2026-05-29T07:56:10]       "wordpress_id": 4613,
[2026-05-29T07:56:10]       "slug": "bruno-latour-etiquette-data-centers-politiques-nature",
[2026-05-29T07:56:10]       "link": "https://le-phare.info/?p=4613",
[2026-05-29T07:56:10]       "categories": [
[2026-05-29T07:56:10]         "textes-fondateurs"
[2026-05-29T07:56:10]       ],
[2026-05-29T07:56:10]       "tags": [
[2026-05-29T07:56:10]         "environnement-climat",
[2026-05-29T07:56:10]         "sentier-transmission",
[2026-05-29T07:56:10]         "bruno-latour",
[2026-05-29T07:56:10]         "politiques-nature",
[2026-05-29T07:56:10]         "triptyque"
[2026-05-29T07:56:10]       ],
[2026-05-29T07:56:10]       "index_updated": true,
[2026-05-29T07:56:10]       "featured_media": 2130,
[2026-05-29T07:56:10]       "error": ""
[2026-05-29T07:56:10]     },
[2026-05-29T07:56:10]     {
[2026-05-29T07:56:10]       "path": "D:\\workspaces\\Nexus des mondes\\LePhare_Editorial\\07_A_Publier\\2026-05-29_data-centers-etiquette-climat_latour_triptyque\\2026-492_SENTIER_CLIMAT_rendre_lisible_etiquette_data_center_pue_wue_vulgarisation_V1.md",
[2026-05-29T07:56:10]       "article_id": "2026-492",
[2026-05-29T07:56:10]       "title": "Rendre lisible l'étiquette data center : PUE, WUE et limites de la vulgarisation",
[2026-05-29T07:56:10]       "status": "draft",
[2026-05-29T07:56:10]       "wordpress_id": 4614,
[2026-05-29T07:56:10]       "slug": "rendre-lisible-etiquette-data-center-pue-wue-vulgarisation",
[2026-05-29T07:56:10]       "link": "https://le-phare.info/?p=4614",
[2026-05-29T07:56:10]       "categories": [
[2026-05-29T07:56:10]         "sentier-du-savoir"
[2026-05-29T07:56:10]       ],
[2026-05-29T07:56:10]       "tags": [
[2026-05-29T07:56:10]         "environnement-climat",
[2026-05-29T07:56:10]         "sentier-transmission",
[2026-05-29T07:56:10]         "data-centers",
[2026-05-29T07:56:10]         "vulgarisation",
[2026-05-29T07:56:10]         "atelier-sentier",
[2026-05-29T07:56:10]         "fondamental-2026-149",
[2026-05-29T07:56:10]         "posture-comprendre",
[2026-05-29T07:56:10]         "triptyque"
[2026-05-29T07:56:10]       ],
[2026-05-29T07:56:10]       "index_updated": true,
[2026-05-29T07:56:10]       "featured_media": 2130,
[2026-05-29T07:56:10]       "error": ""
[2026-05-29T07:56:10]     }
[2026-05-29T07:56:10]   ]
[2026-05-29T07:56:10] }
[2026-05-29T07:56:10] Running post-linking command: C:\Users\gbiascamano\AppData\Local\Programs\Python\Python314\python.exe D:\workspaces\Nexus des mondes\LePhare_Editorial\tools\post_linking.py D:\workspaces\Nexus des mondes\LePhare_Editorial\07_A_Publier\2026-05-29_data-centers-etiquette-climat_latour_triptyque --index D:\workspaces\Nexus des mondes\LePhare_Editorial\index_editorial.csv --config D:\workspaces\Nexus des mondes\LePhare_Editorial\tools\wp_config.local.json --publish-final
[2026-05-29T07:56:10] --- POST-LINKING OUTPUT ---
[2026-05-29T07:56:27] {
[2026-05-29T07:56:27]   "triptych_dir": "D:\\workspaces\\Nexus des mondes\\LePhare_Editorial\\07_A_Publier\\2026-05-29_data-centers-etiquette-climat_latour_triptyque",
[2026-05-29T07:56:27]   "mode": "triptyque_linking_v2",
[2026-05-29T07:56:27]   "dry_run": false,
[2026-05-29T07:56:27]   "total": 3,
[2026-05-29T07:56:27]   "updated_local": 3,
[2026-05-29T07:56:27]   "updated_wordpress": 3,
[2026-05-29T07:56:27]   "items": [
[2026-05-29T07:56:27]     {
[2026-05-29T07:56:27]       "article_id": "2026-490",
[2026-05-29T07:56:27]       "type": "ACTU",
[2026-05-29T07:56:27]       "title": "Étiquette européenne des data centers : entre transparence promise et secret contesté — mai 2026",
[2026-05-29T07:56:27]       "wordpress_id": 4612,
[2026-05-29T07:56:27]       "wordpress_url": "https://le-phare.info/?p=4612",
[2026-05-29T07:56:27]       "updated_paths": [
[2026-05-29T07:56:27]         "D:\\workspaces\\Nexus des mondes\\LePhare_Editorial\\07_A_Publier\\2026-05-29_data-centers-etiquette-climat_latour_triptyque\\2026-490_ACTU_CLIMAT_etiquette_data_centers_transparence_lobbying_mai_2026_V1.md",
[2026-05-29T07:56:27]         "D:\\workspaces\\Nexus des mondes\\LePhare_Editorial\\01_Actualites\\Climat_Transition\\2026-490_ACTU_CLIMAT_etiquette_data_centers_transparence_lobbying_mai_2026_V1.md"
[2026-05-29T07:56:27]       ],
[2026-05-29T07:56:27]       "status": "updated",
[2026-05-29T07:56:27]       "error": ""
[2026-05-29T07:56:27]     },
[2026-05-29T07:56:27]     {
[2026-05-29T07:56:27]       "article_id": "2026-491",
[2026-05-29T07:56:27]       "type": "TF",
[2026-05-29T07:56:27]       "title": "Bruno Latour : quand l'étiquette ne clôt pas le débat — politiques de la nature et data centers",
[2026-05-29T07:56:27]       "wordpress_id": 4613,
[2026-05-29T07:56:27]       "wordpress_url": "https://le-phare.info/?p=4613",
[2026-05-29T07:56:27]       "updated_paths": [
[2026-05-29T07:56:27]         "D:\\workspaces\\Nexus des mondes\\LePhare_Editorial\\07_A_Publier\\2026-05-29_data-centers-etiquette-climat_latour_triptyque\\2026-491_TF_CLIMAT_bruno_latour_etiquette_data_centers_politiques_nature_V1.md",
[2026-05-29T07:56:27]         "D:\\workspaces\\Nexus des mondes\\LePhare_Editorial\\04_Textes_fondateurs\\Auteurs\\2026-491_TF_CLIMAT_bruno_latour_etiquette_data_centers_politiques_nature_V1.md"
[2026-05-29T07:56:27]       ],
[2026-05-29T07:56:27]       "status": "updated",
[2026-05-29T07:56:27]       "error": ""
[2026-05-29T07:56:27]     },
[2026-05-29T07:56:27]     {
[2026-05-29T07:56:27]       "article_id": "2026-492",
[2026-05-29T07:56:27]       "type": "SENTIER",
[2026-05-29T07:56:27]       "title": "Rendre lisible l'étiquette data center : PUE, WUE et limites de la vulgarisation",
[2026-05-29T07:56:27]       "wordpress_id": 4614,
[2026-05-29T07:56:27]       "wordpress_url": "https://le-phare.info/?p=4614",
[2026-05-29T07:56:27]       "updated_paths": [
[2026-05-29T07:56:27]         "D:\\workspaces\\Nexus des mondes\\LePhare_Editorial\\07_A_Publier\\2026-05-29_data-centers-etiquette-climat_latour_triptyque\\2026-492_SENTIER_CLIMAT_rendre_lisible_etiquette_data_center_pue_wue_vulgarisation_V1.md",
[2026-05-29T07:56:27]         "D:\\workspaces\\Nexus des mondes\\LePhare_Editorial\\05_Sentier\\Etape_07_Transmission\\2026-492_SENTIER_CLIMAT_rendre_lisible_etiquette_data_center_pue_wue_vulgarisation_V1.md"
[2026-05-29T07:56:27]       ],
[2026-05-29T07:56:27]       "status": "updated",
[2026-05-29T07:56:27]       "error": ""
[2026-05-29T07:56:27]     }
[2026-05-29T07:56:27]   ],
[2026-05-29T07:56:27]   "errors": []
[2026-05-29T07:56:27] }
[2026-05-29T07:56:27] [V2] Rappel fondamental parent : fondamental-2026-149 — rafraîchir WP manuellement pour afficher ## Ateliers.
[2026-05-29T07:56:27] Staging folder removed: D:\workspaces\Nexus des mondes\LePhare_Editorial\07_A_Publier\2026-05-29_data-centers-etiquette-climat_latour_triptyque
