[2026-05-06T08:51:34] Publish-existing folder: D:\workspaces\LePhare_Editorial\07_A_Publier\2026-05-06_science-sante_resistance_antimicrobiens
[2026-05-06T08:51:34] Selected topic label: 2026-05-06_science-sante_resistance_antimicrobiens
[2026-05-06T08:51:34] Running command: C:\Users\gbiascamano\AppData\Local\Programs\Python\Python314\python.exe D:\workspaces\LePhare_Editorial\tools\wp_push_draft.py D:\workspaces\LePhare_Editorial\07_A_Publier\2026-05-06_science-sante_resistance_antimicrobiens --config D:\workspaces\LePhare_Editorial\tools\wp_config.local.json --index index_editorial.merged.csv
[2026-05-06T08:51:34] --- WP-PUSH OUTPUT ---
[2026-05-06T08:51:43] {
[2026-05-06T08:51:43]   "source": "D:\\workspaces\\LePhare_Editorial\\07_A_Publier\\2026-05-06_science-sante_resistance_antimicrobiens",
[2026-05-06T08:51:43]   "total": 3,
[2026-05-06T08:51:43]   "created": 3,
[2026-05-06T08:51:43]   "skipped": 0,
[2026-05-06T08:51:43]   "failed": 0,
[2026-05-06T08:51:43]   "items": [
[2026-05-06T08:51:43]     {
[2026-05-06T08:51:43]       "path": "D:\\workspaces\\LePhare_Editorial\\07_A_Publier\\2026-05-06_science-sante_resistance_antimicrobiens\\2026-448_ACTU_SCIENCE_resistance_aux_antimicrobiens_l_europe_entre_alerte_et_usages_V1.md",
[2026-05-06T08:51:43]       "article_id": "2026-448",
[2026-05-06T08:51:43]       "title": "Résistance aux antimicrobiens : l’Europe entre nouvelles alertes et usages encore trop irrationnels",
[2026-05-06T08:51:43]       "status": "draft",
[2026-05-06T08:51:43]       "wordpress_id": 4147,
[2026-05-06T08:51:43]       "slug": "resistance-antimicrobiens-europe-usages-2026",
[2026-05-06T08:51:43]       "link": "https://le-phare.info/?p=4147",
[2026-05-06T08:51:43]       "categories": [
[2026-05-06T08:51:43]         "actualites"
[2026-05-06T08:51:43]       ],
[2026-05-06T08:51:43]       "tags": [
[2026-05-06T08:51:43]         "science-sante",
[2026-05-06T08:51:43]         "sentier-science",
[2026-05-06T08:51:43]         "resistance-antimicrobienne",
[2026-05-06T08:51:43]         "surveillance-sante",
[2026-05-06T08:51:43]         "triptyque"
[2026-05-06T08:51:43]       ],
[2026-05-06T08:51:43]       "index_updated": true,
[2026-05-06T08:51:43]       "featured_media": null,
[2026-05-06T08:51:43]       "error": ""
[2026-05-06T08:51:43]     },
[2026-05-06T08:51:43]     {
[2026-05-06T08:51:43]       "path": "D:\\workspaces\\LePhare_Editorial\\07_A_Publier\\2026-05-06_science-sante_resistance_antimicrobiens\\2026-449_TF_SCIENCE_alexandre_fleming_et_la_lecon_du_discours_nobel_sur_la_penicilline_V1.md",
[2026-05-06T08:51:43]       "article_id": "2026-449",
[2026-05-06T08:51:43]       "title": "Alexandre Fleming et la leçon du discours Nobel sur la pénicilline",
[2026-05-06T08:51:43]       "status": "draft",
[2026-05-06T08:51:43]       "wordpress_id": 4148,
[2026-05-06T08:51:43]       "slug": "fleming-discours-nobel-penicilline-prudence",
[2026-05-06T08:51:43]       "link": "https://le-phare.info/?p=4148",
[2026-05-06T08:51:43]       "categories": [
[2026-05-06T08:51:43]         "textes-fondateurs"
[2026-05-06T08:51:43]       ],
[2026-05-06T08:51:43]       "tags": [
[2026-05-06T08:51:43]         "science-sante",
[2026-05-06T08:51:43]         "sentier-science",
[2026-05-06T08:51:43]         "alexandre-fleming",
[2026-05-06T08:51:43]         "sante-publique",
[2026-05-06T08:51:43]         "triptyque"
[2026-05-06T08:51:43]       ],
[2026-05-06T08:51:43]       "index_updated": true,
[2026-05-06T08:51:43]       "featured_media": null,
[2026-05-06T08:51:43]       "error": ""
[2026-05-06T08:51:43]     },
[2026-05-06T08:51:43]     {
[2026-05-06T08:51:43]       "path": "D:\\workspaces\\LePhare_Editorial\\07_A_Publier\\2026-05-06_science-sante_resistance_antimicrobiens\\2026-450_SENTIER_SCIENCE_lire_une_annonce_medicale_sans_confondre_individu_et_population_V1.md",
[2026-05-06T08:51:43]       "article_id": "2026-450",
[2026-05-06T08:51:43]       "title": "Lire une annonce médicale sans confondre individu et population",
[2026-05-06T08:51:43]       "status": "draft",
[2026-05-06T08:51:43]       "wordpress_id": 4149,
[2026-05-06T08:51:43]       "slug": "lire-annonce-medicale-population-individu",
[2026-05-06T08:51:43]       "link": "https://le-phare.info/?p=4149",
[2026-05-06T08:51:43]       "categories": [
[2026-05-06T08:51:43]         "sentier-du-savoir"
[2026-05-06T08:51:43]       ],
[2026-05-06T08:51:43]       "tags": [
[2026-05-06T08:51:43]         "science-sante",
[2026-05-06T08:51:43]         "sentier-science",
[2026-05-06T08:51:43]         "pensee-critique",
[2026-05-06T08:51:43]         "essais-cliniques",
[2026-05-06T08:51:43]         "posture-comprendre",
[2026-05-06T08:51:43]         "triptyque"
[2026-05-06T08:51:43]       ],
[2026-05-06T08:51:43]       "index_updated": true,
[2026-05-06T08:51:43]       "featured_media": null,
[2026-05-06T08:51:43]       "error": ""
[2026-05-06T08:51:43]     }
[2026-05-06T08:51:43]   ]
[2026-05-06T08:51:43] }
[2026-05-06T08:51:43] Running post-linking command: C:\Users\gbiascamano\AppData\Local\Programs\Python\Python314\python.exe D:\workspaces\LePhare_Editorial\tools\post_linking.py D:\workspaces\LePhare_Editorial\07_A_Publier\2026-05-06_science-sante_resistance_antimicrobiens --index index_editorial.merged.csv --config D:\workspaces\LePhare_Editorial\tools\wp_config.local.json --publish-final
[2026-05-06T08:51:43] --- POST-LINKING OUTPUT ---
[2026-05-06T08:51:44] {
[2026-05-06T08:51:44]   "triptych_dir": "D:\\workspaces\\LePhare_Editorial\\07_A_Publier\\2026-05-06_science-sante_resistance_antimicrobiens",
[2026-05-06T08:51:44]   "mode": "triptyque_linking_v2",
[2026-05-06T08:51:44]   "dry_run": false,
[2026-05-06T08:51:44]   "total": 3,
[2026-05-06T08:51:44]   "updated_local": 3,
[2026-05-06T08:51:44]   "updated_wordpress": 3,
[2026-05-06T08:51:44]   "items": [
[2026-05-06T08:51:44]     {
[2026-05-06T08:51:44]       "article_id": "2026-448",
[2026-05-06T08:51:44]       "type": "ACTU",
[2026-05-06T08:51:44]       "title": "Résistance aux antimicrobiens : l’Europe entre nouvelles alertes et usages encore trop irrationnels",
[2026-05-06T08:51:44]       "wordpress_id": 4147,
[2026-05-06T08:51:44]       "wordpress_url": "https://le-phare.info/?p=4147",
[2026-05-06T08:51:44]       "updated_paths": [
[2026-05-06T08:51:44]         "D:\\workspaces\\LePhare_Editorial\\07_A_Publier\\2026-05-06_science-sante_resistance_antimicrobiens\\2026-448_ACTU_SCIENCE_resistance_aux_antimicrobiens_l_europe_entre_alerte_et_usages_V1.md",
[2026-05-06T08:51:44]         "D:\\workspaces\\LePhare_Editorial\\01_Actualites\\Science_Sante\\2026-448_ACTU_SCIENCE_resistance_aux_antimicrobiens_l_europe_entre_alerte_et_usages_V1.md"
[2026-05-06T08:51:44]       ],
[2026-05-06T08:51:44]       "status": "updated",
[2026-05-06T08:51:44]       "error": ""
[2026-05-06T08:51:44]     },
[2026-05-06T08:51:44]     {
[2026-05-06T08:51:44]       "article_id": "2026-449",
[2026-05-06T08:51:44]       "type": "TF",
[2026-05-06T08:51:44]       "title": "Alexandre Fleming et la leçon du discours Nobel sur la pénicilline",
[2026-05-06T08:51:44]       "wordpress_id": 4148,
[2026-05-06T08:51:44]       "wordpress_url": "https://le-phare.info/?p=4148",
[2026-05-06T08:51:44]       "updated_paths": [
[2026-05-06T08:51:44]         "D:\\workspaces\\LePhare_Editorial\\07_A_Publier\\2026-05-06_science-sante_resistance_antimicrobiens\\2026-449_TF_SCIENCE_alexandre_fleming_et_la_lecon_du_discours_nobel_sur_la_penicilline_V1.md",
[2026-05-06T08:51:44]         "D:\\workspaces\\LePhare_Editorial\\04_Textes_fondateurs\\Auteurs\\2026-449_TF_SCIENCE_alexandre_fleming_et_la_lecon_du_discours_nobel_sur_la_penicilline_V1.md"
[2026-05-06T08:51:44]       ],
[2026-05-06T08:51:44]       "status": "updated",
[2026-05-06T08:51:44]       "error": ""
[2026-05-06T08:51:44]     },
[2026-05-06T08:51:44]     {
[2026-05-06T08:51:44]       "article_id": "2026-450",
[2026-05-06T08:51:44]       "type": "SENTIER",
[2026-05-06T08:51:44]       "title": "Lire une annonce médicale sans confondre individu et population",
[2026-05-06T08:51:44]       "wordpress_id": 4149,
[2026-05-06T08:51:44]       "wordpress_url": "https://le-phare.info/?p=4149",
[2026-05-06T08:51:44]       "updated_paths": [
[2026-05-06T08:51:44]         "D:\\workspaces\\LePhare_Editorial\\07_A_Publier\\2026-05-06_science-sante_resistance_antimicrobiens\\2026-450_SENTIER_SCIENCE_lire_une_annonce_medicale_sans_confondre_individu_et_population_V1.md",
[2026-05-06T08:51:44]         "D:\\workspaces\\LePhare_Editorial\\05_Sentier\\Etape_02_Pensee_critique\\2026-450_SENTIER_SCIENCE_lire_une_annonce_medicale_sans_confondre_individu_et_population_V1.md"
[2026-05-06T08:51:44]       ],
[2026-05-06T08:51:44]       "status": "updated",
[2026-05-06T08:51:44]       "error": ""
[2026-05-06T08:51:44]     }
[2026-05-06T08:51:44]   ],
[2026-05-06T08:51:44]   "errors": []
[2026-05-06T08:51:44] }
[2026-05-06T08:51:44] Staging folder removed: D:\workspaces\LePhare_Editorial\07_A_Publier\2026-05-06_science-sante_resistance_antimicrobiens
[2026-05-06T09:19:27] Publish-existing folder: D:\workspaces\LePhare_Editorial\07_A_Publier\_sync_featured_sci_amr
[2026-05-06T09:19:27] Selected topic label: _sync_featured_sci_amr
[2026-05-06T09:19:27] Running command: C:\Users\gbiascamano\AppData\Local\Programs\Python\Python314\python.exe D:\workspaces\LePhare_Editorial\tools\wp_push_draft.py D:\workspaces\LePhare_Editorial\07_A_Publier\_sync_featured_sci_amr --config D:\workspaces\LePhare_Editorial\tools\wp_config.local.json --index D:\workspaces\LePhare_Editorial\index_editorial.csv --sync-featured-media
[2026-05-06T09:19:27] --- WP-PUSH OUTPUT ---
[2026-05-06T09:19:29] {
[2026-05-06T09:19:29]   "source": "D:\\workspaces\\LePhare_Editorial\\07_A_Publier\\_sync_featured_sci_amr",
[2026-05-06T09:19:29]   "total": 3,
[2026-05-06T09:19:29]   "created": 0,
[2026-05-06T09:19:29]   "skipped": 0,
[2026-05-06T09:19:29]   "failed": 0,
[2026-05-06T09:19:29]   "items": [
[2026-05-06T09:19:29]     {
[2026-05-06T09:19:29]       "path": "D:\\workspaces\\LePhare_Editorial\\07_A_Publier\\_sync_featured_sci_amr\\2026-448_ACTU_SCIENCE_resistance_aux_antimicrobiens_l_europe_entre_alerte_et_usages_V1.md",
[2026-05-06T09:19:29]       "article_id": "2026-448",
[2026-05-06T09:19:29]       "title": "Résistance aux antimicrobiens : l’Europe entre nouvelles alertes et usages encore trop irrationnels",
[2026-05-06T09:19:29]       "status": "publish",
[2026-05-06T09:19:29]       "wordpress_id": 4147,
[2026-05-06T09:19:29]       "slug": "resistance-antimicrobiens-europe-usages-2026",
[2026-05-06T09:19:29]       "link": "https://le-phare.info/resistance-antimicrobiens-europe-usages-2026/",
[2026-05-06T09:19:29]       "categories": [
[2026-05-06T09:19:29]         "actualites"
[2026-05-06T09:19:29]       ],
[2026-05-06T09:19:29]       "tags": [
[2026-05-06T09:19:29]         "science-sante",
[2026-05-06T09:19:29]         "sentier-science",
[2026-05-06T09:19:29]         "resistance-antimicrobienne",
[2026-05-06T09:19:29]         "surveillance-sante",
[2026-05-06T09:19:29]         "triptyque"
[2026-05-06T09:19:29]       ],
[2026-05-06T09:19:29]       "index_updated": false,
[2026-05-06T09:19:29]       "featured_media": 814,
[2026-05-06T09:19:29]       "error": ""
[2026-05-06T09:19:29]     },
[2026-05-06T09:19:29]     {
[2026-05-06T09:19:29]       "path": "D:\\workspaces\\LePhare_Editorial\\07_A_Publier\\_sync_featured_sci_amr\\2026-449_TF_SCIENCE_alexandre_fleming_et_la_lecon_du_discours_nobel_sur_la_penicilline_V1.md",
[2026-05-06T09:19:29]       "article_id": "2026-449",
[2026-05-06T09:19:29]       "title": "Alexandre Fleming et la leçon du discours Nobel sur la pénicilline",
[2026-05-06T09:19:29]       "status": "publish",
[2026-05-06T09:19:29]       "wordpress_id": 4148,
[2026-05-06T09:19:29]       "slug": "fleming-discours-nobel-penicilline-prudence",
[2026-05-06T09:19:29]       "link": "https://le-phare.info/fleming-discours-nobel-penicilline-prudence/",
[2026-05-06T09:19:29]       "categories": [
[2026-05-06T09:19:29]         "textes-fondateurs"
[2026-05-06T09:19:29]       ],
[2026-05-06T09:19:29]       "tags": [
[2026-05-06T09:19:29]         "science-sante",
[2026-05-06T09:19:29]         "sentier-science",
[2026-05-06T09:19:29]         "alexandre-fleming",
[2026-05-06T09:19:29]         "sante-publique",
[2026-05-06T09:19:29]         "triptyque"
[2026-05-06T09:19:29]       ],
[2026-05-06T09:19:29]       "index_updated": false,
[2026-05-06T09:19:29]       "featured_media": 814,
[2026-05-06T09:19:29]       "error": ""
[2026-05-06T09:19:29]     },
[2026-05-06T09:19:29]     {
[2026-05-06T09:19:29]       "path": "D:\\workspaces\\LePhare_Editorial\\07_A_Publier\\_sync_featured_sci_amr\\2026-450_SENTIER_SCIENCE_lire_une_annonce_medicale_sans_confondre_individu_et_population_V1.md",
[2026-05-06T09:19:29]       "article_id": "2026-450",
[2026-05-06T09:19:29]       "title": "Lire une annonce médicale sans confondre individu et population",
[2026-05-06T09:19:29]       "status": "publish",
[2026-05-06T09:19:29]       "wordpress_id": 4149,
[2026-05-06T09:19:29]       "slug": "lire-annonce-medicale-population-individu",
[2026-05-06T09:19:29]       "link": "https://le-phare.info/lire-annonce-medicale-population-individu/",
[2026-05-06T09:19:29]       "categories": [
[2026-05-06T09:19:29]         "sentier-du-savoir"
[2026-05-06T09:19:29]       ],
[2026-05-06T09:19:29]       "tags": [
[2026-05-06T09:19:29]         "science-sante",
[2026-05-06T09:19:29]         "sentier-science",
[2026-05-06T09:19:29]         "pensee-critique",
[2026-05-06T09:19:29]         "essais-cliniques",
[2026-05-06T09:19:29]         "posture-comprendre",
[2026-05-06T09:19:29]         "triptyque"
[2026-05-06T09:19:29]       ],
[2026-05-06T09:19:29]       "index_updated": false,
[2026-05-06T09:19:29]       "featured_media": 814,
[2026-05-06T09:19:29]       "error": ""
[2026-05-06T09:19:29]     }
[2026-05-06T09:19:29]   ]
[2026-05-06T09:19:29] }
[2026-05-06T09:25:36] Publish-existing folder: D:\workspaces\LePhare_Editorial\07_A_Publier\_sync_featured_sci_amr
[2026-05-06T09:25:36] Selected topic label: _sync_featured_sci_amr
[2026-05-06T09:25:36] Running command: C:\Users\gbiascamano\AppData\Local\Programs\Python\Python314\python.exe D:\workspaces\LePhare_Editorial\tools\wp_push_draft.py D:\workspaces\LePhare_Editorial\07_A_Publier\_sync_featured_sci_amr --config D:\workspaces\LePhare_Editorial\tools\wp_config.local.json --index D:\workspaces\LePhare_Editorial\index_editorial.csv --sync-featured-media
[2026-05-06T09:25:36] --- WP-PUSH OUTPUT ---
[2026-05-06T09:25:38] {
[2026-05-06T09:25:38]   "source": "D:\\workspaces\\LePhare_Editorial\\07_A_Publier\\_sync_featured_sci_amr",
[2026-05-06T09:25:38]   "total": 3,
[2026-05-06T09:25:38]   "created": 0,
[2026-05-06T09:25:38]   "skipped": 0,
[2026-05-06T09:25:38]   "failed": 0,
[2026-05-06T09:25:38]   "items": [
[2026-05-06T09:25:38]     {
[2026-05-06T09:25:38]       "path": "D:\\workspaces\\LePhare_Editorial\\07_A_Publier\\_sync_featured_sci_amr\\2026-448_ACTU_SCIENCE_resistance_aux_antimicrobiens_l_europe_entre_alerte_et_usages_V1.md",
[2026-05-06T09:25:38]       "article_id": "2026-448",
[2026-05-06T09:25:38]       "title": "Résistance aux antimicrobiens : l’Europe entre nouvelles alertes et usages encore trop irrationnels",
[2026-05-06T09:25:38]       "status": "publish",
[2026-05-06T09:25:38]       "wordpress_id": 4147,
[2026-05-06T09:25:38]       "slug": "resistance-antimicrobiens-europe-usages-2026",
[2026-05-06T09:25:38]       "link": "https://le-phare.info/resistance-antimicrobiens-europe-usages-2026/",
[2026-05-06T09:25:38]       "categories": [
[2026-05-06T09:25:38]         "actualites"
[2026-05-06T09:25:38]       ],
[2026-05-06T09:25:38]       "tags": [
[2026-05-06T09:25:38]         "science-sante",
[2026-05-06T09:25:38]         "sentier-science",
[2026-05-06T09:25:38]         "resistance-antimicrobienne",
[2026-05-06T09:25:38]         "surveillance-sante",
[2026-05-06T09:25:38]         "triptyque"
[2026-05-06T09:25:38]       ],
[2026-05-06T09:25:38]       "index_updated": false,
[2026-05-06T09:25:38]       "featured_media": 2060,
[2026-05-06T09:25:38]       "error": ""
[2026-05-06T09:25:38]     },
[2026-05-06T09:25:38]     {
[2026-05-06T09:25:38]       "path": "D:\\workspaces\\LePhare_Editorial\\07_A_Publier\\_sync_featured_sci_amr\\2026-449_TF_SCIENCE_alexandre_fleming_et_la_lecon_du_discours_nobel_sur_la_penicilline_V1.md",
[2026-05-06T09:25:38]       "article_id": "2026-449",
[2026-05-06T09:25:38]       "title": "Alexandre Fleming et la leçon du discours Nobel sur la pénicilline",
[2026-05-06T09:25:38]       "status": "publish",
[2026-05-06T09:25:38]       "wordpress_id": 4148,
[2026-05-06T09:25:38]       "slug": "fleming-discours-nobel-penicilline-prudence",
[2026-05-06T09:25:38]       "link": "https://le-phare.info/fleming-discours-nobel-penicilline-prudence/",
[2026-05-06T09:25:38]       "categories": [
[2026-05-06T09:25:38]         "textes-fondateurs"
[2026-05-06T09:25:38]       ],
[2026-05-06T09:25:38]       "tags": [
[2026-05-06T09:25:38]         "science-sante",
[2026-05-06T09:25:38]         "sentier-science",
[2026-05-06T09:25:38]         "alexandre-fleming",
[2026-05-06T09:25:38]         "sante-publique",
[2026-05-06T09:25:38]         "triptyque"
[2026-05-06T09:25:38]       ],
[2026-05-06T09:25:38]       "index_updated": false,
[2026-05-06T09:25:38]       "featured_media": 2060,
[2026-05-06T09:25:38]       "error": ""
[2026-05-06T09:25:38]     },
[2026-05-06T09:25:38]     {
[2026-05-06T09:25:38]       "path": "D:\\workspaces\\LePhare_Editorial\\07_A_Publier\\_sync_featured_sci_amr\\2026-450_SENTIER_SCIENCE_lire_une_annonce_medicale_sans_confondre_individu_et_population_V1.md",
[2026-05-06T09:25:38]       "article_id": "2026-450",
[2026-05-06T09:25:38]       "title": "Lire une annonce médicale sans confondre individu et population",
[2026-05-06T09:25:38]       "status": "publish",
[2026-05-06T09:25:38]       "wordpress_id": 4149,
[2026-05-06T09:25:38]       "slug": "lire-annonce-medicale-population-individu",
[2026-05-06T09:25:38]       "link": "https://le-phare.info/lire-annonce-medicale-population-individu/",
[2026-05-06T09:25:38]       "categories": [
[2026-05-06T09:25:38]         "sentier-du-savoir"
[2026-05-06T09:25:38]       ],
[2026-05-06T09:25:38]       "tags": [
[2026-05-06T09:25:38]         "science-sante",
[2026-05-06T09:25:38]         "sentier-science",
[2026-05-06T09:25:38]         "pensee-critique",
[2026-05-06T09:25:38]         "essais-cliniques",
[2026-05-06T09:25:38]         "posture-comprendre",
[2026-05-06T09:25:38]         "triptyque"
[2026-05-06T09:25:38]       ],
[2026-05-06T09:25:38]       "index_updated": false,
[2026-05-06T09:25:38]       "featured_media": 2060,
[2026-05-06T09:25:38]       "error": ""
[2026-05-06T09:25:38]     }
[2026-05-06T09:25:38]   ]
[2026-05-06T09:25:38] }
