[2026-05-22T08:33:30] Publish-existing folder: D:\workspaces\Nexus des mondes\LePhare_Editorial\07_A_Publier\2026-05-22_hubs-retour-migration-arendt_triptyque
[2026-05-22T08:33:30] Selected topic label: 2026-05-22_hubs-retour-migration-arendt_triptyque
[2026-05-22T08:33:30] Running command: C:\Users\gbiascamano\AppData\Local\Programs\Python\Python314\python.exe D:\workspaces\Nexus des mondes\LePhare_Editorial\tools\wp_push_draft.py D:\workspaces\Nexus des mondes\LePhare_Editorial\07_A_Publier\2026-05-22_hubs-retour-migration-arendt_triptyque --config D:\workspaces\Nexus des mondes\LePhare_Editorial\tools\wp_config.local.json --index D:\workspaces\Nexus des mondes\LePhare_Editorial\index_editorial.csv
[2026-05-22T08:33:30] --- WP-PUSH OUTPUT ---
[2026-05-22T08:33:47] {
[2026-05-22T08:33:47]   "source": "D:\\workspaces\\Nexus des mondes\\LePhare_Editorial\\07_A_Publier\\2026-05-22_hubs-retour-migration-arendt_triptyque",
[2026-05-22T08:33:47]   "total": 3,
[2026-05-22T08:33:47]   "created": 3,
[2026-05-22T08:33:47]   "skipped": 0,
[2026-05-22T08:33:47]   "failed": 0,
[2026-05-22T08:33:47]   "items": [
[2026-05-22T08:33:47]     {
[2026-05-22T08:33:47]       "path": "D:\\workspaces\\Nexus des mondes\\LePhare_Editorial\\07_A_Publier\\2026-05-22_hubs-retour-migration-arendt_triptyque\\2026-475_ACTU_POL_hubs_retour_migration_ue_report_juin_2026_V1.md",
[2026-05-22T08:33:47]       "article_id": "2026-475",
[2026-05-22T08:33:47]       "title": "Hubs de retour hors d'Europe : pourquoi l'UE a un accord de principe mais pas encore de date",
[2026-05-22T08:33:47]       "status": "draft",
[2026-05-22T08:33:47]       "wordpress_id": 4480,
[2026-05-22T08:33:47]       "slug": "hubs-retour-migration-ue-report-juin-2026",
[2026-05-22T08:33:47]       "link": "https://le-phare.info/?p=4480",
[2026-05-22T08:33:47]       "categories": [
[2026-05-22T08:33:47]         "actualites"
[2026-05-22T08:33:47]       ],
[2026-05-22T08:33:47]       "tags": [
[2026-05-22T08:33:47]         "politique-societe",
[2026-05-22T08:33:47]         "sentier-critique",
[2026-05-22T08:33:47]         "politique-migratoire",
[2026-05-22T08:33:47]         "hubs-retour",
[2026-05-22T08:33:47]         "pacte-migration",
[2026-05-22T08:33:47]         "posture-observer",
[2026-05-22T08:33:47]         "triptyque"
[2026-05-22T08:33:47]       ],
[2026-05-22T08:33:47]       "index_updated": true,
[2026-05-22T08:33:47]       "featured_media": 2117,
[2026-05-22T08:33:47]       "error": ""
[2026-05-22T08:33:47]     },
[2026-05-22T08:33:47]     {
[2026-05-22T08:33:47]       "path": "D:\\workspaces\\Nexus des mondes\\LePhare_Editorial\\07_A_Publier\\2026-05-22_hubs-retour-migration-arendt_triptyque\\2026-476_TF_POL_hannah_arendt_apatridie_droit_avoir_des_droits_migration_V1.md",
[2026-05-22T08:33:47]       "article_id": "2026-476",
[2026-05-22T08:33:47]       "title": "Hannah Arendt : l'apatridie et le « droit d'avoir des droits » pour lire l'externalisation migratoire",
[2026-05-22T08:33:47]       "status": "draft",
[2026-05-22T08:33:47]       "wordpress_id": 4481,
[2026-05-22T08:33:47]       "slug": "hannah-arendt-apatridie-droit-avoir-des-droits-migration",
[2026-05-22T08:33:47]       "link": "https://le-phare.info/?p=4481",
[2026-05-22T08:33:47]       "categories": [
[2026-05-22T08:33:47]         "textes-fondateurs"
[2026-05-22T08:33:47]       ],
[2026-05-22T08:33:47]       "tags": [
[2026-05-22T08:33:47]         "politique-societe",
[2026-05-22T08:33:47]         "sentier-critique",
[2026-05-22T08:33:47]         "hannah-arendt",
[2026-05-22T08:33:47]         "apatridie",
[2026-05-22T08:33:47]         "politique-migratoire",
[2026-05-22T08:33:47]         "triptyque"
[2026-05-22T08:33:47]       ],
[2026-05-22T08:33:47]       "index_updated": true,
[2026-05-22T08:33:47]       "featured_media": 2117,
[2026-05-22T08:33:47]       "error": ""
[2026-05-22T08:33:47]     },
[2026-05-22T08:33:47]     {
[2026-05-22T08:33:47]       "path": "D:\\workspaces\\Nexus des mondes\\LePhare_Editorial\\07_A_Publier\\2026-05-22_hubs-retour-migration-arendt_triptyque\\2026-477_SENTIER_POL_lire_paquet_migratoire_sans_confondre_principe_hub_presse_V1.md",
[2026-05-22T08:33:47]       "article_id": "2026-477",
[2026-05-22T08:33:47]       "title": "Lire un paquet migratoire sans confondre accord de principe, hub et titre de presse",
[2026-05-22T08:33:47]       "status": "draft",
[2026-05-22T08:33:47]       "wordpress_id": 4482,
[2026-05-22T08:33:47]       "slug": "lire-paquet-migratoire-accord-principe-hub-presse",
[2026-05-22T08:33:47]       "link": "https://le-phare.info/?p=4482",
[2026-05-22T08:33:47]       "categories": [
[2026-05-22T08:33:47]         "sentier-du-savoir"
[2026-05-22T08:33:47]       ],
[2026-05-22T08:33:47]       "tags": [
[2026-05-22T08:33:47]         "politique-societe",
[2026-05-22T08:33:47]         "sentier-critique",
[2026-05-22T08:33:47]         "pensee-critique",
[2026-05-22T08:33:47]         "politique-migratoire",
[2026-05-22T08:33:47]         "atelier-sentier",
[2026-05-22T08:33:47]         "fondamental-2026-198",
[2026-05-22T08:33:47]         "posture-comprendre",
[2026-05-22T08:33:47]         "triptyque"
[2026-05-22T08:33:47]       ],
[2026-05-22T08:33:47]       "index_updated": true,
[2026-05-22T08:33:47]       "featured_media": 2117,
[2026-05-22T08:33:47]       "error": ""
[2026-05-22T08:33:47]     }
[2026-05-22T08:33:47]   ]
[2026-05-22T08:33:47] }
[2026-05-22T08:33:47] Running post-linking command: C:\Users\gbiascamano\AppData\Local\Programs\Python\Python314\python.exe D:\workspaces\Nexus des mondes\LePhare_Editorial\tools\post_linking.py D:\workspaces\Nexus des mondes\LePhare_Editorial\07_A_Publier\2026-05-22_hubs-retour-migration-arendt_triptyque --index D:\workspaces\Nexus des mondes\LePhare_Editorial\index_editorial.csv --config D:\workspaces\Nexus des mondes\LePhare_Editorial\tools\wp_config.local.json --publish-final
[2026-05-22T08:33:47] --- POST-LINKING OUTPUT ---
[2026-05-22T08:33:51] {
[2026-05-22T08:33:51]   "triptych_dir": "D:\\workspaces\\Nexus des mondes\\LePhare_Editorial\\07_A_Publier\\2026-05-22_hubs-retour-migration-arendt_triptyque",
[2026-05-22T08:33:51]   "mode": "triptyque_linking_v2",
[2026-05-22T08:33:51]   "dry_run": false,
[2026-05-22T08:33:51]   "total": 3,
[2026-05-22T08:33:51]   "updated_local": 3,
[2026-05-22T08:33:51]   "updated_wordpress": 3,
[2026-05-22T08:33:51]   "items": [
[2026-05-22T08:33:51]     {
[2026-05-22T08:33:51]       "article_id": "2026-475",
[2026-05-22T08:33:51]       "type": "ACTU",
[2026-05-22T08:33:51]       "title": "Hubs de retour hors d'Europe : pourquoi l'UE a un accord de principe mais pas encore de date",
[2026-05-22T08:33:51]       "wordpress_id": 4480,
[2026-05-22T08:33:51]       "wordpress_url": "https://le-phare.info/?p=4480",
[2026-05-22T08:33:51]       "updated_paths": [
[2026-05-22T08:33:51]         "D:\\workspaces\\Nexus des mondes\\LePhare_Editorial\\07_A_Publier\\2026-05-22_hubs-retour-migration-arendt_triptyque\\2026-475_ACTU_POL_hubs_retour_migration_ue_report_juin_2026_V1.md",
[2026-05-22T08:33:51]         "D:\\workspaces\\Nexus des mondes\\LePhare_Editorial\\01_Actualites\\Politique_Societe\\2026-475_ACTU_POL_hubs_retour_migration_ue_report_juin_2026_V1.md"
[2026-05-22T08:33:51]       ],
[2026-05-22T08:33:51]       "status": "updated",
[2026-05-22T08:33:51]       "error": ""
[2026-05-22T08:33:51]     },
[2026-05-22T08:33:51]     {
[2026-05-22T08:33:51]       "article_id": "2026-476",
[2026-05-22T08:33:51]       "type": "TF",
[2026-05-22T08:33:51]       "title": "Hannah Arendt : l'apatridie et le « droit d'avoir des droits » pour lire l'externalisation migratoire",
[2026-05-22T08:33:51]       "wordpress_id": 4481,
[2026-05-22T08:33:51]       "wordpress_url": "https://le-phare.info/?p=4481",
[2026-05-22T08:33:51]       "updated_paths": [
[2026-05-22T08:33:51]         "D:\\workspaces\\Nexus des mondes\\LePhare_Editorial\\07_A_Publier\\2026-05-22_hubs-retour-migration-arendt_triptyque\\2026-476_TF_POL_hannah_arendt_apatridie_droit_avoir_des_droits_migration_V1.md",
[2026-05-22T08:33:51]         "D:\\workspaces\\Nexus des mondes\\LePhare_Editorial\\04_Textes_fondateurs\\Auteurs\\2026-476_TF_POL_hannah_arendt_apatridie_droit_avoir_des_droits_migration_V1.md"
[2026-05-22T08:33:51]       ],
[2026-05-22T08:33:51]       "status": "updated",
[2026-05-22T08:33:51]       "error": ""
[2026-05-22T08:33:51]     },
[2026-05-22T08:33:51]     {
[2026-05-22T08:33:51]       "article_id": "2026-477",
[2026-05-22T08:33:51]       "type": "SENTIER",
[2026-05-22T08:33:51]       "title": "Lire un paquet migratoire sans confondre accord de principe, hub et titre de presse",
[2026-05-22T08:33:51]       "wordpress_id": 4482,
[2026-05-22T08:33:51]       "wordpress_url": "https://le-phare.info/?p=4482",
[2026-05-22T08:33:51]       "updated_paths": [
[2026-05-22T08:33:51]         "D:\\workspaces\\Nexus des mondes\\LePhare_Editorial\\07_A_Publier\\2026-05-22_hubs-retour-migration-arendt_triptyque\\2026-477_SENTIER_POL_lire_paquet_migratoire_sans_confondre_principe_hub_presse_V1.md",
[2026-05-22T08:33:51]         "D:\\workspaces\\Nexus des mondes\\LePhare_Editorial\\05_Sentier\\Etape_02_Pensee_critique\\2026-477_SENTIER_POL_lire_paquet_migratoire_sans_confondre_principe_hub_presse_V1.md"
[2026-05-22T08:33:51]       ],
[2026-05-22T08:33:51]       "status": "updated",
[2026-05-22T08:33:51]       "error": ""
[2026-05-22T08:33:51]     }
[2026-05-22T08:33:51]   ],
[2026-05-22T08:33:51]   "errors": []
[2026-05-22T08:33:51] }
[2026-05-22T08:33:51] Staging folder removed: D:\workspaces\Nexus des mondes\LePhare_Editorial\07_A_Publier\2026-05-22_hubs-retour-migration-arendt_triptyque
