[2026-06-05T07:52:44] Publish-existing folder: D:\workspaces\Nexus des mondes\LePhare_Editorial\07_A_Publier\2026-06-05_tivat-balkans-haas-histoire
[2026-06-05T07:52:44] Selected topic label: 2026-06-05_tivat-balkans-haas-histoire
[2026-06-05T07:52:44] Running command: C:\Users\gbiascamano\AppData\Local\Programs\Python\Python314\python.exe D:\workspaces\Nexus des mondes\LePhare_Editorial\tools\wp_push_draft.py D:\workspaces\Nexus des mondes\LePhare_Editorial\07_A_Publier\2026-06-05_tivat-balkans-haas-histoire --config D:\workspaces\Nexus des mondes\LePhare_Editorial\tools\wp_config.local.json --index D:\workspaces\Nexus des mondes\LePhare_Editorial\index_editorial.csv
[2026-06-05T07:52:44] --- WP-PUSH OUTPUT ---
[2026-06-05T07:53:17] {
[2026-06-05T07:53:17]   "source": "D:\\workspaces\\Nexus des mondes\\LePhare_Editorial\\07_A_Publier\\2026-06-05_tivat-balkans-haas-histoire",
[2026-06-05T07:53:17]   "total": 3,
[2026-06-05T07:53:17]   "created": 3,
[2026-06-05T07:53:17]   "skipped": 0,
[2026-06-05T07:53:17]   "failed": 0,
[2026-06-05T07:53:17]   "items": [
[2026-06-05T07:53:17]     {
[2026-06-05T07:53:17]       "path": "D:\\workspaces\\Nexus des mondes\\LePhare_Editorial\\07_A_Publier\\2026-06-05_tivat-balkans-haas-histoire\\2026-505_ACTU_POL_sommet_ue_balkans_tivat_juin_2026_V1.md",
[2026-06-05T07:53:17]       "article_id": "2026-505",
[2026-06-05T07:53:17]       "title": "Sommet UE–Balkans occidentaux à Tivat : prospérité partagée, roaming et ce que juin 2026 promet (ou pas)",
[2026-06-05T07:53:17]       "status": "draft",
[2026-06-05T07:53:17]       "wordpress_id": 4747,
[2026-06-05T07:53:17]       "slug": "sommet-ue-balkans-occidentaux-tivat-juin-2026",
[2026-06-05T07:53:17]       "link": "https://le-phare.info/?p=4747",
[2026-06-05T07:53:17]       "categories": [
[2026-06-05T07:53:17]         "actualites"
[2026-06-05T07:53:17]       ],
[2026-06-05T07:53:17]       "tags": [
[2026-06-05T07:53:17]         "politique-societe",
[2026-06-05T07:53:17]         "sentier-critique",
[2026-06-05T07:53:17]         "balkans-occidentaux",
[2026-06-05T07:53:17]         "elargissement-ue",
[2026-06-05T07:53:17]         "sommet-tivat",
[2026-06-05T07:53:17]         "growth-plan",
[2026-06-05T07:53:17]         "posture-observer",
[2026-06-05T07:53:17]         "triptyque"
[2026-06-05T07:53:17]       ],
[2026-06-05T07:53:17]       "index_updated": true,
[2026-06-05T07:53:17]       "featured_media": 2117,
[2026-06-05T07:53:17]       "error": ""
[2026-06-05T07:53:17]     },
[2026-06-05T07:53:17]     {
[2026-06-05T07:53:17]       "path": "D:\\workspaces\\Nexus des mondes\\LePhare_Editorial\\07_A_Publier\\2026-06-05_tivat-balkans-haas-histoire\\2026-506_TF_POL_ernst_haas_neofonctionnalisme_spillover_elargissement_balkans_V1.md",
[2026-06-05T07:53:17]       "article_id": "2026-506",
[2026-06-05T07:53:17]       "title": "Ernst Haas : néofonctionnalisme et spillover — comprendre l'élargissement au-delà des déclarations de Tivat",
[2026-06-05T07:53:17]       "status": "draft",
[2026-06-05T07:53:17]       "wordpress_id": 4748,
[2026-06-05T07:53:17]       "slug": "ernst-haas-neofonctionnalisme-spillover-elargissement-balkans",
[2026-06-05T07:53:17]       "link": "https://le-phare.info/?p=4748",
[2026-06-05T07:53:17]       "categories": [
[2026-06-05T07:53:17]         "textes-fondateurs"
[2026-06-05T07:53:17]       ],
[2026-06-05T07:53:17]       "tags": [
[2026-06-05T07:53:17]         "politique-societe",
[2026-06-05T07:53:17]         "sentier-culture",
[2026-06-05T07:53:17]         "ernst-haas",
[2026-06-05T07:53:17]         "neofonctionnalisme",
[2026-06-05T07:53:17]         "spillover",
[2026-06-05T07:53:17]         "elargissement-ue",
[2026-06-05T07:53:17]         "triptyque"
[2026-06-05T07:53:17]       ],
[2026-06-05T07:53:17]       "index_updated": true,
[2026-06-05T07:53:17]       "featured_media": 2117,
[2026-06-05T07:53:17]       "error": ""
[2026-06-05T07:53:17]     },
[2026-06-05T07:53:17]     {
[2026-06-05T07:53:17]       "path": "D:\\workspaces\\Nexus des mondes\\LePhare_Editorial\\07_A_Publier\\2026-06-05_tivat-balkans-haas-histoire\\2026-507_SENTIER_POL_construire_contexte_historique_sommet_tivat_balkans_juin_2026_V1.md",
[2026-06-05T07:53:17]       "article_id": "2026-507",
[2026-06-05T07:53:17]       "title": "Construire le contexte historique du sommet de Tivat : six jalons pour lire les Balkans en juin 2026",
[2026-06-05T07:53:17]       "status": "draft",
[2026-06-05T07:53:17]       "wordpress_id": 4749,
[2026-06-05T07:53:17]       "slug": "construire-contexte-historique-sommet-tivat-balkans-juin-2026",
[2026-06-05T07:53:17]       "link": "https://le-phare.info/?p=4749",
[2026-06-05T07:53:17]       "categories": [
[2026-06-05T07:53:17]         "sentier-du-savoir"
[2026-06-05T07:53:17]       ],
[2026-06-05T07:53:17]       "tags": [
[2026-06-05T07:53:17]         "politique-societe",
[2026-06-05T07:53:17]         "sentier-culture",
[2026-06-05T07:53:17]         "balkans-occidentaux",
[2026-06-05T07:53:17]         "reperes-historiques",
[2026-06-05T07:53:17]         "atelier-sentier",
[2026-06-05T07:53:17]         "fondamental-2026-211",
[2026-06-05T07:53:17]         "posture-comprendre",
[2026-06-05T07:53:17]         "triptyque"
[2026-06-05T07:53:17]       ],
[2026-06-05T07:53:17]       "index_updated": true,
[2026-06-05T07:53:17]       "featured_media": 2117,
[2026-06-05T07:53:17]       "error": ""
[2026-06-05T07:53:17]     }
[2026-06-05T07:53:17]   ]
[2026-06-05T07:53:17] }
[2026-06-05T07:53:17] Running post-linking command: C:\Users\gbiascamano\AppData\Local\Programs\Python\Python314\python.exe D:\workspaces\Nexus des mondes\LePhare_Editorial\tools\post_linking.py D:\workspaces\Nexus des mondes\LePhare_Editorial\07_A_Publier\2026-06-05_tivat-balkans-haas-histoire --index D:\workspaces\Nexus des mondes\LePhare_Editorial\index_editorial.csv --config D:\workspaces\Nexus des mondes\LePhare_Editorial\tools\wp_config.local.json --publish-final
[2026-06-05T07:53:17] --- POST-LINKING OUTPUT ---
[2026-06-05T07:53:20] {
[2026-06-05T07:53:20]   "triptych_dir": "D:\\workspaces\\Nexus des mondes\\LePhare_Editorial\\07_A_Publier\\2026-06-05_tivat-balkans-haas-histoire",
[2026-06-05T07:53:20]   "mode": "triptyque_linking_v2",
[2026-06-05T07:53:20]   "dry_run": false,
[2026-06-05T07:53:20]   "total": 3,
[2026-06-05T07:53:20]   "updated_local": 3,
[2026-06-05T07:53:20]   "updated_wordpress": 3,
[2026-06-05T07:53:20]   "items": [
[2026-06-05T07:53:20]     {
[2026-06-05T07:53:20]       "article_id": "2026-505",
[2026-06-05T07:53:20]       "type": "ACTU",
[2026-06-05T07:53:20]       "title": "Sommet UE–Balkans occidentaux à Tivat : prospérité partagée, roaming et ce que juin 2026 promet (ou pas)",
[2026-06-05T07:53:20]       "wordpress_id": 4747,
[2026-06-05T07:53:20]       "wordpress_url": "https://le-phare.info/?p=4747",
[2026-06-05T07:53:20]       "updated_paths": [
[2026-06-05T07:53:20]         "D:\\workspaces\\Nexus des mondes\\LePhare_Editorial\\07_A_Publier\\2026-06-05_tivat-balkans-haas-histoire\\2026-505_ACTU_POL_sommet_ue_balkans_tivat_juin_2026_V1.md",
[2026-06-05T07:53:20]         "D:\\workspaces\\Nexus des mondes\\LePhare_Editorial\\01_Actualites\\Politique_Societe\\2026-505_ACTU_POL_sommet_ue_balkans_tivat_juin_2026_V1.md"
[2026-06-05T07:53:20]       ],
[2026-06-05T07:53:20]       "status": "updated",
[2026-06-05T07:53:20]       "error": ""
[2026-06-05T07:53:20]     },
[2026-06-05T07:53:20]     {
[2026-06-05T07:53:20]       "article_id": "2026-506",
[2026-06-05T07:53:20]       "type": "TF",
[2026-06-05T07:53:20]       "title": "Ernst Haas : néofonctionnalisme et spillover — comprendre l'élargissement au-delà des déclarations de Tivat",
[2026-06-05T07:53:20]       "wordpress_id": 4748,
[2026-06-05T07:53:20]       "wordpress_url": "https://le-phare.info/?p=4748",
[2026-06-05T07:53:20]       "updated_paths": [
[2026-06-05T07:53:20]         "D:\\workspaces\\Nexus des mondes\\LePhare_Editorial\\07_A_Publier\\2026-06-05_tivat-balkans-haas-histoire\\2026-506_TF_POL_ernst_haas_neofonctionnalisme_spillover_elargissement_balkans_V1.md",
[2026-06-05T07:53:20]         "D:\\workspaces\\Nexus des mondes\\LePhare_Editorial\\04_Textes_fondateurs\\Auteurs\\2026-506_TF_POL_ernst_haas_neofonctionnalisme_spillover_elargissement_balkans_V1.md"
[2026-06-05T07:53:20]       ],
[2026-06-05T07:53:20]       "status": "updated",
[2026-06-05T07:53:20]       "error": ""
[2026-06-05T07:53:20]     },
[2026-06-05T07:53:20]     {
[2026-06-05T07:53:20]       "article_id": "2026-507",
[2026-06-05T07:53:20]       "type": "SENTIER",
[2026-06-05T07:53:20]       "title": "Construire le contexte historique du sommet de Tivat : six jalons pour lire les Balkans en juin 2026",
[2026-06-05T07:53:20]       "wordpress_id": 4749,
[2026-06-05T07:53:20]       "wordpress_url": "https://le-phare.info/?p=4749",
[2026-06-05T07:53:20]       "updated_paths": [
[2026-06-05T07:53:20]         "D:\\workspaces\\Nexus des mondes\\LePhare_Editorial\\07_A_Publier\\2026-06-05_tivat-balkans-haas-histoire\\2026-507_SENTIER_POL_construire_contexte_historique_sommet_tivat_balkans_juin_2026_V1.md",
[2026-06-05T07:53:20]         "D:\\workspaces\\Nexus des mondes\\LePhare_Editorial\\05_Sentier\\Etape_01_Culture_generale\\2026-507_SENTIER_POL_construire_contexte_historique_sommet_tivat_balkans_juin_2026_V1.md"
[2026-06-05T07:53:20]       ],
[2026-06-05T07:53:20]       "status": "updated",
[2026-06-05T07:53:20]       "error": ""
[2026-06-05T07:53:20]     }
[2026-06-05T07:53:20]   ],
[2026-06-05T07:53:20]   "errors": []
[2026-06-05T07:53:20] }
[2026-06-05T07:53:20] [V2] Rappel fondamental parent : fondamental-2026-211 — rafraîchir WP manuellement pour afficher ## Ateliers.
[2026-06-05T07:53:20] Staging folder removed: D:\workspaces\Nexus des mondes\LePhare_Editorial\07_A_Publier\2026-06-05_tivat-balkans-haas-histoire
