[2026-05-21T07:25:51] Publish-existing folder: D:\workspaces\Nexus des mondes\LePhare_Editorial\07_A_Publier\2026-05-21_turnberry-rodrik-jargon_triptyque
[2026-05-21T07:25:51] Selected topic label: 2026-05-21_turnberry-rodrik-jargon_triptyque
[2026-05-21T07:25:51] Running command: C:\Users\gbiascamano\AppData\Local\Programs\Python\Python314\python.exe D:\workspaces\Nexus des mondes\LePhare_Editorial\tools\wp_push_draft.py D:\workspaces\Nexus des mondes\LePhare_Editorial\07_A_Publier\2026-05-21_turnberry-rodrik-jargon_triptyque --config D:\workspaces\Nexus des mondes\LePhare_Editorial\tools\wp_config.local.json --index D:\workspaces\Nexus des mondes\LePhare_Editorial\index_editorial.csv
[2026-05-21T07:25:51] --- WP-PUSH OUTPUT ---
[2026-05-21T07:26:00] {
[2026-05-21T07:26:00]   "source": "D:\\workspaces\\Nexus des mondes\\LePhare_Editorial\\07_A_Publier\\2026-05-21_turnberry-rodrik-jargon_triptyque",
[2026-05-21T07:26:00]   "total": 3,
[2026-05-21T07:26:00]   "created": 3,
[2026-05-21T07:26:00]   "skipped": 0,
[2026-05-21T07:26:00]   "failed": 0,
[2026-05-21T07:26:00]   "items": [
[2026-05-21T07:26:00]     {
[2026-05-21T07:26:00]       "path": "D:\\workspaces\\Nexus des mondes\\LePhare_Editorial\\07_A_Publier\\2026-05-21_turnberry-rodrik-jargon_triptyque\\2026-472_ACTU_ECON_accord_turnberry_mise_en_oeuvre_mai_2026_tarifs_15_pourcent_V1.md",
[2026-05-21T07:26:00]       "article_id": "2026-472",
[2026-05-21T07:26:00]       "title": "Accord UE–États-Unis : pourquoi Bruxelles valide le Turnberry alors que Washington brandit encore les tarifs",
[2026-05-21T07:26:00]       "status": "draft",
[2026-05-21T07:26:00]       "wordpress_id": 4437,
[2026-05-21T07:26:00]       "slug": "accord-ue-us-turnberry-mise-en-oeuvre-mai-2026",
[2026-05-21T07:26:00]       "link": "https://le-phare.info/?p=4437",
[2026-05-21T07:26:00]       "categories": [
[2026-05-21T07:26:00]         "actualites"
[2026-05-21T07:26:00]       ],
[2026-05-21T07:26:00]       "tags": [
[2026-05-21T07:26:00]         "economie-finance",
[2026-05-21T07:26:00]         "sentier-culture",
[2026-05-21T07:26:00]         "turnberry",
[2026-05-21T07:26:00]         "accord-commercial",
[2026-05-21T07:26:00]         "tarifs-douane",
[2026-05-21T07:26:00]         "posture-observer",
[2026-05-21T07:26:00]         "triptyque"
[2026-05-21T07:26:00]       ],
[2026-05-21T07:26:00]       "index_updated": true,
[2026-05-21T07:26:00]       "featured_media": 4142,
[2026-05-21T07:26:00]       "error": ""
[2026-05-21T07:26:00]     },
[2026-05-21T07:26:00]     {
[2026-05-21T07:26:00]       "path": "D:\\workspaces\\Nexus des mondes\\LePhare_Editorial\\07_A_Publier\\2026-05-21_turnberry-rodrik-jargon_triptyque\\2026-473_TF_ECON_dani_rodrik_trilemme_mondialisation_accord_transatlantique_V1.md",
[2026-05-21T07:26:00]       "article_id": "2026-473",
[2026-05-21T07:26:00]       "title": "Dani Rodrik : le trilemme de la mondialisation pour lire l'accord transatlantique",
[2026-05-21T07:26:00]       "status": "draft",
[2026-05-21T07:26:00]       "wordpress_id": 4438,
[2026-05-21T07:26:00]       "slug": "dani-rodrik-trilemme-mondialisation-accord-transatlantique",
[2026-05-21T07:26:00]       "link": "https://le-phare.info/?p=4438",
[2026-05-21T07:26:00]       "categories": [
[2026-05-21T07:26:00]         "textes-fondateurs"
[2026-05-21T07:26:00]       ],
[2026-05-21T07:26:00]       "tags": [
[2026-05-21T07:26:00]         "economie-finance",
[2026-05-21T07:26:00]         "sentier-culture",
[2026-05-21T07:26:00]         "dani-rodrik",
[2026-05-21T07:26:00]         "mondialisation",
[2026-05-21T07:26:00]         "accord-commercial",
[2026-05-21T07:26:00]         "triptyque"
[2026-05-21T07:26:00]       ],
[2026-05-21T07:26:00]       "index_updated": true,
[2026-05-21T07:26:00]       "featured_media": 4142,
[2026-05-21T07:26:00]       "error": ""
[2026-05-21T07:26:00]     },
[2026-05-21T07:26:00]     {
[2026-05-21T07:26:00]       "path": "D:\\workspaces\\Nexus des mondes\\LePhare_Editorial\\07_A_Publier\\2026-05-21_turnberry-rodrik-jargon_triptyque\\2026-474_SENTIER_ECON_lire_accord_commercial_sans_jargon_turnberry_V1.md",
[2026-05-21T07:26:00]       "article_id": "2026-474",
[2026-05-21T07:26:00]       "title": "Lire un accord commercial sans se laisser impressionner par le jargon",
[2026-05-21T07:26:00]       "status": "draft",
[2026-05-21T07:26:00]       "wordpress_id": 4439,
[2026-05-21T07:26:00]       "slug": "lire-accord-commercial-jargon-tarifs-turnberry",
[2026-05-21T07:26:00]       "link": "https://le-phare.info/?p=4439",
[2026-05-21T07:26:00]       "categories": [
[2026-05-21T07:26:00]         "sentier-du-savoir"
[2026-05-21T07:26:00]       ],
[2026-05-21T07:26:00]       "tags": [
[2026-05-21T07:26:00]         "economie-finance",
[2026-05-21T07:26:00]         "sentier-culture",
[2026-05-21T07:26:00]         "accord-commercial",
[2026-05-21T07:26:00]         "jargon-economique",
[2026-05-21T07:26:00]         "atelier-sentier",
[2026-05-21T07:26:00]         "fondamental-2026-207",
[2026-05-21T07:26:00]         "posture-comprendre",
[2026-05-21T07:26:00]         "triptyque"
[2026-05-21T07:26:00]       ],
[2026-05-21T07:26:00]       "index_updated": true,
[2026-05-21T07:26:00]       "featured_media": 4142,
[2026-05-21T07:26:00]       "error": ""
[2026-05-21T07:26:00]     }
[2026-05-21T07:26:00]   ]
[2026-05-21T07:26:00] }
[2026-05-21T07:26:00] Running post-linking command: C:\Users\gbiascamano\AppData\Local\Programs\Python\Python314\python.exe D:\workspaces\Nexus des mondes\LePhare_Editorial\tools\post_linking.py D:\workspaces\Nexus des mondes\LePhare_Editorial\07_A_Publier\2026-05-21_turnberry-rodrik-jargon_triptyque --index D:\workspaces\Nexus des mondes\LePhare_Editorial\index_editorial.csv --config D:\workspaces\Nexus des mondes\LePhare_Editorial\tools\wp_config.local.json --publish-final
[2026-05-21T07:26:00] --- POST-LINKING OUTPUT ---
[2026-05-21T07:26:02] {
[2026-05-21T07:26:02]   "triptych_dir": "D:\\workspaces\\Nexus des mondes\\LePhare_Editorial\\07_A_Publier\\2026-05-21_turnberry-rodrik-jargon_triptyque",
[2026-05-21T07:26:02]   "mode": "triptyque_linking_v2",
[2026-05-21T07:26:02]   "dry_run": false,
[2026-05-21T07:26:02]   "total": 3,
[2026-05-21T07:26:02]   "updated_local": 3,
[2026-05-21T07:26:02]   "updated_wordpress": 3,
[2026-05-21T07:26:02]   "items": [
[2026-05-21T07:26:02]     {
[2026-05-21T07:26:02]       "article_id": "2026-472",
[2026-05-21T07:26:02]       "type": "ACTU",
[2026-05-21T07:26:02]       "title": "Accord UE–États-Unis : pourquoi Bruxelles valide le Turnberry alors que Washington brandit encore les tarifs",
[2026-05-21T07:26:02]       "wordpress_id": 4437,
[2026-05-21T07:26:02]       "wordpress_url": "https://le-phare.info/?p=4437",
[2026-05-21T07:26:02]       "updated_paths": [
[2026-05-21T07:26:02]         "D:\\workspaces\\Nexus des mondes\\LePhare_Editorial\\07_A_Publier\\2026-05-21_turnberry-rodrik-jargon_triptyque\\2026-472_ACTU_ECON_accord_turnberry_mise_en_oeuvre_mai_2026_tarifs_15_pourcent_V1.md",
[2026-05-21T07:26:02]         "D:\\workspaces\\Nexus des mondes\\LePhare_Editorial\\01_Actualites\\Economie_Finance\\2026-472_ACTU_ECON_accord_turnberry_mise_en_oeuvre_mai_2026_tarifs_15_pourcent_V1.md"
[2026-05-21T07:26:02]       ],
[2026-05-21T07:26:02]       "status": "updated",
[2026-05-21T07:26:02]       "error": ""
[2026-05-21T07:26:02]     },
[2026-05-21T07:26:02]     {
[2026-05-21T07:26:02]       "article_id": "2026-473",
[2026-05-21T07:26:02]       "type": "TF",
[2026-05-21T07:26:02]       "title": "Dani Rodrik : le trilemme de la mondialisation pour lire l'accord transatlantique",
[2026-05-21T07:26:02]       "wordpress_id": 4438,
[2026-05-21T07:26:02]       "wordpress_url": "https://le-phare.info/?p=4438",
[2026-05-21T07:26:02]       "updated_paths": [
[2026-05-21T07:26:02]         "D:\\workspaces\\Nexus des mondes\\LePhare_Editorial\\07_A_Publier\\2026-05-21_turnberry-rodrik-jargon_triptyque\\2026-473_TF_ECON_dani_rodrik_trilemme_mondialisation_accord_transatlantique_V1.md",
[2026-05-21T07:26:02]         "D:\\workspaces\\Nexus des mondes\\LePhare_Editorial\\04_Textes_fondateurs\\Auteurs\\2026-473_TF_ECON_dani_rodrik_trilemme_mondialisation_accord_transatlantique_V1.md"
[2026-05-21T07:26:03]       ],
[2026-05-21T07:26:03]       "status": "updated",
[2026-05-21T07:26:03]       "error": ""
[2026-05-21T07:26:03]     },
[2026-05-21T07:26:03]     {
[2026-05-21T07:26:03]       "article_id": "2026-474",
[2026-05-21T07:26:03]       "type": "SENTIER",
[2026-05-21T07:26:03]       "title": "Lire un accord commercial sans se laisser impressionner par le jargon",
[2026-05-21T07:26:03]       "wordpress_id": 4439,
[2026-05-21T07:26:03]       "wordpress_url": "https://le-phare.info/?p=4439",
[2026-05-21T07:26:03]       "updated_paths": [
[2026-05-21T07:26:03]         "D:\\workspaces\\Nexus des mondes\\LePhare_Editorial\\07_A_Publier\\2026-05-21_turnberry-rodrik-jargon_triptyque\\2026-474_SENTIER_ECON_lire_accord_commercial_sans_jargon_turnberry_V1.md",
[2026-05-21T07:26:03]         "D:\\workspaces\\Nexus des mondes\\LePhare_Editorial\\05_Sentier\\Etape_01_Culture_generale\\2026-474_SENTIER_ECON_lire_accord_commercial_sans_jargon_turnberry_V1.md"
[2026-05-21T07:26:03]       ],
[2026-05-21T07:26:03]       "status": "updated",
[2026-05-21T07:26:03]       "error": ""
[2026-05-21T07:26:03]     }
[2026-05-21T07:26:03]   ],
[2026-05-21T07:26:03]   "errors": []
[2026-05-21T07:26:03] }
[2026-05-21T07:26:03] Staging folder removed: D:\workspaces\Nexus des mondes\LePhare_Editorial\07_A_Publier\2026-05-21_turnberry-rodrik-jargon_triptyque
